Component: ARM Compiler 5.06 update 7 (build 960) Tool: armlink [4d3601]

==============================================================================

Section Cross References

    startup_stm32h723xx.o(STACK) refers (Special) to heapauxi.o(.text) for __use_two_region_memory
    startup_stm32h723xx.o(HEAP) refers (Special) to heapauxi.o(.text) for __use_two_region_memory
    startup_stm32h723xx.o(RESET) refers (Special) to heapauxi.o(.text) for __use_two_region_memory
    startup_stm32h723xx.o(RESET) refers to startup_stm32h723xx.o(STACK) for __initial_sp
    startup_stm32h723xx.o(RESET) refers to startup_stm32h723xx.o(.text) for Reset_Handler
    startup_stm32h723xx.o(RESET) refers to stm32h7xx_it.o(i.NMI_Handler) for NMI_Handler
    startup_stm32h723xx.o(RESET) refers to stm32h7xx_it.o(i.HardFault_Handler) for HardFault_Handler
    startup_stm32h723xx.o(RESET) refers to stm32h7xx_it.o(i.MemManage_Handler) for MemManage_Handler
    startup_stm32h723xx.o(RESET) refers to stm32h7xx_it.o(i.BusFault_Handler) for BusFault_Handler
    startup_stm32h723xx.o(RESET) refers to stm32h7xx_it.o(i.UsageFault_Handler) for UsageFault_Handler
    startup_stm32h723xx.o(RESET) refers to port.o(.emb_text) for SVC_Handler
    startup_stm32h723xx.o(RESET) refers to stm32h7xx_it.o(i.DebugMon_Handler) for DebugMon_Handler
    startup_stm32h723xx.o(RESET) refers to port.o(i.SysTick_Handler) for SysTick_Handler
    startup_stm32h723xx.o(RESET) refers to stm32h7xx_it.o(i.DMA1_Stream0_IRQHandler) for DMA1_Stream0_IRQHandler
    startup_stm32h723xx.o(RESET) refers to stm32h7xx_it.o(i.FDCAN1_IT0_IRQHandler) for FDCAN1_IT0_IRQHandler
    startup_stm32h723xx.o(RESET) refers to stm32h7xx_it.o(i.FDCAN1_IT1_IRQHandler) for FDCAN1_IT1_IRQHandler
    startup_stm32h723xx.o(RESET) refers to stm32h7xx_it.o(i.USART1_IRQHandler) for USART1_IRQHandler
    startup_stm32h723xx.o(RESET) refers to stm32h7xx_it.o(i.TIM17_IRQHandler) for TIM17_IRQHandler
    startup_stm32h723xx.o(.text) refers (Special) to heapauxi.o(.text) for __use_two_region_memory
    startup_stm32h723xx.o(.text) refers to system_stm32h7xx.o(i.SystemInit) for SystemInit
    startup_stm32h723xx.o(.text) refers to __main.o(!!!main) for __main
    startup_stm32h723xx.o(.text) refers to startup_stm32h723xx.o(HEAP) for Heap_Mem
    startup_stm32h723xx.o(.text) refers to startup_stm32h723xx.o(STACK) for Stack_Mem
    main.o(i.HAL_TIM_PeriodElapsedCallback) refers to stm32h7xx_hal.o(i.HAL_IncTick) for HAL_IncTick
    main.o(i.SystemClock_Config) refers to rt_memclr_w.o(.text) for __aeabi_memclr4
    main.o(i.SystemClock_Config) refers to stm32h7xx_hal_pwr_ex.o(i.HAL_PWREx_ConfigSupply) for HAL_PWREx_ConfigSupply
    main.o(i.SystemClock_Config) refers to stm32h7xx_hal_rcc.o(i.HAL_RCC_OscConfig) for HAL_RCC_OscConfig
    main.o(i.SystemClock_Config) refers to stm32h7xx_hal_rcc.o(i.HAL_RCC_ClockConfig) for HAL_RCC_ClockConfig
    main.o(i.main) refers to stm32h7xx_hal_cortex.o(i.HAL_MPU_Disable) for HAL_MPU_Disable
    main.o(i.main) refers to stm32h7xx_hal_cortex.o(i.HAL_MPU_ConfigRegion) for HAL_MPU_ConfigRegion
    main.o(i.main) refers to stm32h7xx_hal_cortex.o(i.HAL_MPU_Enable) for HAL_MPU_Enable
    main.o(i.main) refers to stm32h7xx_hal.o(i.HAL_Init) for HAL_Init
    main.o(i.main) refers to main.o(i.SystemClock_Config) for SystemClock_Config
    main.o(i.main) refers to gpio.o(i.MX_GPIO_Init) for MX_GPIO_Init
    main.o(i.main) refers to dma.o(i.MX_DMA_Init) for MX_DMA_Init
    main.o(i.main) refers to fdcan.o(i.MX_FDCAN1_Init) for MX_FDCAN1_Init
    main.o(i.main) refers to usart.o(i.MX_USART1_UART_Init) for MX_USART1_UART_Init
    main.o(i.main) refers to system.o(i.debug_init) for debug_init
    main.o(i.main) refers to global.o(i.start_task_init) for start_task_init
    main.o(i.main) refers to freertos.o(i.MX_FREERTOS_Init) for MX_FREERTOS_Init
    main.o(i.main) refers to cmsis_os.o(i.osKernelStart) for osKernelStart
    freertos.o(i.MX_FREERTOS_Init) refers to rt_memcpy_w.o(.text) for __aeabi_memcpy4
    freertos.o(i.MX_FREERTOS_Init) refers to cmsis_os.o(i.osThreadCreate) for osThreadCreate
    freertos.o(i.MX_FREERTOS_Init) refers to freertos.o(.constdata) for .constdata
    freertos.o(i.MX_FREERTOS_Init) refers to freertos.o(.data) for .data
    freertos.o(i.StartDefaultTask) refers to cmsis_os.o(i.osDelay) for osDelay
    freertos.o(i.vApplicationGetIdleTaskMemory) refers to freertos.o(.bss) for .bss
    freertos.o(i.vApplicationGetTimerTaskMemory) refers to freertos.o(.bss) for .bss
    freertos.o(.constdata) refers to freertos.o(.conststring) for .conststring
    freertos.o(.constdata) refers to freertos.o(i.StartDefaultTask) for StartDefaultTask
    dma.o(i.MX_DMA_Init) refers to stm32h7xx_hal_cortex.o(i.HAL_NVIC_SetPriority) for HAL_NVIC_SetPriority
    dma.o(i.MX_DMA_Init) refers to stm32h7xx_hal_cortex.o(i.HAL_NVIC_EnableIRQ) for HAL_NVIC_EnableIRQ
    fdcan.o(i.HAL_FDCAN_MspDeInit) refers to stm32h7xx_hal_gpio.o(i.HAL_GPIO_DeInit) for HAL_GPIO_DeInit
[...]
    SCA_GetState                             0x08007de5   Thumb Code    16  innfos_ne30.o(i.SCA_GetState)
    SCA_GetTemperature                       0x08007df5   Thumb Code    16  innfos_ne30.o(i.SCA_GetTemperature)
    SCA_GetVelocityLimit                     0x08007e05   Thumb Code    16  innfos_ne30.o(i.SCA_GetVelocityLimit)
    SCA_GetVoltage                           0x08007e15   Thumb Code    16  innfos_ne30.o(i.SCA_GetVoltage)
    SCA_HeartBeat                            0x08007e25   Thumb Code    16  innfos_ne30.o(i.SCA_HeartBeat)
    SCA_Read                                 0x08007e35   Thumb Code    12  sca_protocol.o(i.SCA_Read)
    SCA_SetCurrent                           0x08007e45   Thumb Code    20  innfos_ne30.o(i.SCA_SetCurrent)
    SCA_SetMod                               0x08007e59   Thumb Code    58  innfos_ne30.o(i.SCA_SetMod)
    SCA_SetPosition                          0x08007ee1   Thumb Code    96  innfos_ne30.o(i.SCA_SetPosition)
    SCA_SetVelocity                          0x08007fad   Thumb Code    20  innfos_ne30.o(i.SCA_SetVelocity)
    SCA_Write_1                              0x08007fc1   Thumb Code    18  sca_protocol.o(i.SCA_Write_1)
    SCA_Write_3                              0x08007fd9   Thumb Code    92  sca_protocol.o(i.SCA_Write_3)
    ScaInit                                  0x08008049   Thumb Code    58  innfos_ne30.o(i.ScaInit)
    StartDefaultTask                         0x08008083   Thumb Code     8  freertos.o(i.StartDefaultTask)
    SysTick_Handler                          0x0800808d   Thumb Code    38  port.o(i.SysTick_Handler)
    SystemClock_Config                       0x080080b9   Thumb Code   146  main.o(i.SystemClock_Config)
    SystemInit                               0x08008151   Thumb Code   158  system_stm32h7xx.o(i.SystemInit)
    TIM17_IRQHandler                         0x08008211   Thumb Code     6  stm32h7xx_it.o(i.TIM17_IRQHandler)
    TIM_Base_SetConfig                       0x0800821d   Thumb Code   188  stm32h7xx_hal_tim.o(i.TIM_Base_SetConfig)
    UART_AdvFeatureConfig                    0x08008345   Thumb Code   200  stm32h7xx_hal_uart.o(i.UART_AdvFeatureConfig)
    UART_CheckIdleState                      0x0800840d   Thumb Code   170  stm32h7xx_hal_uart.o(i.UART_CheckIdleState)
    UART_SetConfig                           0x08008641   Thumb Code   914  stm32h7xx_hal_uart.o(i.UART_SetConfig)
    UART_Start_Receive_DMA                   0x08008a1d   Thumb Code   156  stm32h7xx_hal_uart.o(i.UART_Start_Receive_DMA)
    UART_WaitOnFlagUntilTimeout              0x08008ac5   Thumb Code   148  stm32h7xx_hal_uart.o(i.UART_WaitOnFlagUntilTimeout)
    USART1_IRQHandler                        0x08008b59   Thumb Code    16  stm32h7xx_it.o(i.USART1_IRQHandler)
    UsageFault_Handler                       0x08008b6d   Thumb Code     2  stm32h7xx_it.o(i.UsageFault_Handler)
    __ARM_fpclassify                         0x08008b6f   Thumb Code    48  fpclassify.o(i.__ARM_fpclassify)
    __hardfp___mathlib_tofloat               0x08008bc1   Thumb Code   194  narrow.o(i.__hardfp___mathlib_tofloat)
    __hardfp_atof                            0x08008ca1   Thumb Code    44  atof.o(i.__hardfp_atof)
    __mathlib_dbl_overflow                   0x08008cd9   Thumb Code    10  dunder.o(i.__mathlib_dbl_overflow)
    __mathlib_dbl_underflow                  0x08008cf1   Thumb Code    10  dunder.o(i.__mathlib_dbl_underflow)
    __mathlib_narrow                         0x08008d09   Thumb Code    18  narrow.o(i.__mathlib_narrow)
    __support_ldexp                          0x08008d21   Thumb Code   170  ldexp.o(i.__support_ldexp)
    _is_digit                                0x08008dd9   Thumb Code    14  __printf_wp.o(i._is_digit)
    can_init                                 0x08008de9   Thumb Code   150  my_fdcan.o(i.can_init)
    can_receive                              0x08008ef1   Thumb Code    28  my_fdcan.o(i.can_receive)
    can_send                                 0x08008f0d   Thumb Code    86  my_fdcan.o(i.can_send)
    cmd_init                                 0x08008f65   Thumb Code    34  cmd.o(i.cmd_init)
    debug_init                               0x08008f91   Thumb Code    36  system.o(i.debug_init)
    eTaskGetState                            0x08008fc1   Thumb Code   106  tasks.o(i.eTaskGetState)
    elog_get_filter_tag_lvl                  0x08009035   Thumb Code   136  elog.o(i.elog_get_filter_tag_lvl)
    elog_init                                0x08009129   Thumb Code   102  elog.o(i.elog_init)
    elog_output                              0x08009195   Thumb Code   764  elog.o(i.elog_output)
    elog_output_lock                         0x08009535   Thumb Code    28  elog.o(i.elog_output_lock)
    elog_output_lock_enabled                 0x08009555   Thumb Code    40  elog.o(i.elog_output_lock_enabled)
    elog_output_unlock                       0x08009581   Thumb Code    28  elog.o(i.elog_output_unlock)
    elog_port_get_p_info                     0x080095a1   Thumb Code     4  elog_port.o(i.elog_port_get_p_info)
    elog_port_get_t_info                     0x080095a9   Thumb Code    26  elog_port.o(i.elog_port_get_t_info)
    elog_port_get_time                       0x080095c9   Thumb Code    50  elog_port.o(i.elog_port_get_time)
    elog_port_init                           0x08009621   Thumb Code    18  elog_port.o(i.elog_port_init)
    elog_port_output                         0x08009639   Thumb Code    10  elog_port.o(i.elog_port_output)
    elog_port_output_lock                    0x08009649   Thumb Code    18  elog_port.o(i.elog_port_output_lock)
    elog_port_output_unlock                  0x08009661   Thumb Code    20  elog_port.o(i.elog_port_output_unlock)
    elog_set_filter_lvl                      0x08009679   Thumb Code    64  elog.o(i.elog_set_filter_lvl)
    elog_set_fmt                             0x0800972d   Thumb Code    70  elog.o(i.elog_set_fmt)
    elog_set_text_color_enabled              0x080097e9   Thumb Code     8  elog.o(i.elog_set_text_color_enabled)
    elog_start                               0x080097f5   Thumb Code    42  elog.o(i.elog_start)
    elog_strcpy                              0x08009881   Thumb Code   148  elog_utils.o(i.elog_strcpy)
    frexp                                    0x08009a39   Thumb Code   118  frexp.o(i.frexp)
    log_init                                 0x08009e49   Thumb Code    66  elog_port.o(i.log_init)
    main                                     0x08009e8b   Thumb Code   118  main.o(i.main)
    osDelay                                  0x08009f0f   Thumb Code    14  cmsis_os.o(i.osDelay)
    osKernelStart                            0x08009f1d   Thumb Code    10  cmsis_os.o(i.osKernelStart)
    osThreadCreate                           0x08009f27   Thumb Code    84  cmsis_os.o(i.osThreadCreate)
    pcTaskGetName                            0x08009f7d   Thumb Code    28  tasks.o(i.pcTaskGetName)
    pvPortMalloc                             0x0800a93d   Thumb Code   216  heap_4.o(i.pvPortMalloc)
    pvTaskIncrementMutexHeldCount            0x0800aa19   Thumb Code    18  tasks.o(i.pvTaskIncrementMutexHeldCount)
    pxPortInitialiseStack                    0x0800aa31   Thumb Code    42  port.o(i.pxPortInitialiseStack)
    sca_task_init                            0x0800abc1   Thumb Code    90  ne30_task.o(i.sca_task_init)
    sca_tim_callback                         0x0800ac45   Thumb Code    72  ne30_task.o(i.sca_tim_callback)
    show_sca_t                               0x0800aef5   Thumb Code   418  innfos_ne30.o(i.show_sca_t)
    start_task_init                          0x0800b291   Thumb Code    24  global.o(i.start_task_init)
    uart_dma_init                            0x0800b41d   Thumb Code    54  myusart.o(i.uart_dma_init)
    uart_idle_callback                       0x0800b455   Thumb Code   184  myusart.o(i.uart_idle_callback)
    uart_transmit                            0x0800b515   Thumb Code    56  myusart.o(i.uart_transmit)
    uxListRemove                             0x0800b54d   Thumb Code    38  list.o(i.uxListRemove)
    uxTaskGetSystemState                     0x0800b575   Thumb Code   160  tasks.o(i.uxTaskGetSystemState)
    vApplicationGetIdleTaskMemory            0x0800b621   Thumb Code    18  freertos.o(i.vApplicationGetIdleTaskMemory)
    vApplicationGetTimerTaskMemory           0x0800b639   Thumb Code    20  freertos.o(i.vApplicationGetTimerTaskMemory)
    vListInitialise                          0x0800b651   Thumb Code    22  list.o(i.vListInitialise)
    vListInitialiseItem                      0x0800b667   Thumb Code     6  list.o(i.vListInitialiseItem)
    vListInsert                              0x0800b66d   Thumb Code    48  list.o(i.vListInsert)
    vListInsertEnd                           0x0800b69d   Thumb Code    24  list.o(i.vListInsertEnd)
    vPortEnterCritical                       0x0800b6b5   Thumb Code    54  port.o(i.vPortEnterCritical)
    vPortExitCritical                        0x0800b6f5   Thumb Code    34  port.o(i.vPortExitCritical)
    vPortFree                                0x0800b71d   Thumb Code    94  heap_4.o(i.vPortFree)
    vPortSetupTimerInterrupt                 0x0800b781   Thumb Code    32  port.o(i.vPortSetupTimerInterrupt)
    vPortValidateInterruptPriority           0x0800b7a5   Thumb Code    74  port.o(i.vPortValidateInterruptPriority)
    vQueueAddToRegistry                      0x0800b7f9   Thumb Code    34  queue.o(i.vQueueAddToRegistry)
    vQueueWaitForMessageRestricted           0x0800b821   Thumb Code    68  queue.o(i.vQueueWaitForMessageRestricted)
    vRegisterSampleCLICommands               0x0800b865   Thumb Code     2  sample-cli-commands.o(i.vRegisterSampleCLICommands)
    vSerialPutString                         0x0800b867   Thumb Code    28  serial.o(i.vSerialPutString)
    vTaskDelay                               0x0800b885   Thumb Code    66  tasks.o(i.vTaskDelay)
    vTaskGetInfo                             0x0800b8d1   Thumb Code   124  tasks.o(i.vTaskGetInfo)
    vTaskInternalSetTimeOutState             0x0800b951   Thumb Code    12  tasks.o(i.vTaskInternalSetTimeOutState)
    vTaskList                                0x0800b961   Thumb Code   180  tasks.o(i.vTaskList)
    vTaskMissedYield                         0x0800ba29   Thumb Code     8  tasks.o(i.vTaskMissedYield)
    vTaskPlaceOnEventList                    0x0800ba35   Thumb Code    44  tasks.o(i.vTaskPlaceOnEventList)
    vTaskPlaceOnEventListRestricted          0x0800ba65   Thumb Code    52  tasks.o(i.vTaskPlaceOnEventListRestricted)
    vTaskPriorityDisinheritAfterTimeout      0x0800ba9d   Thumb Code   158  tasks.o(i.vTaskPriorityDisinheritAfterTimeout)
    vTaskStartScheduler                      0x0800bb45   Thumb Code   118  tasks.o(i.vTaskStartScheduler)
    vTaskSuspendAll                          0x0800bbcd   Thumb Code    10  tasks.o(i.vTaskSuspendAll)
    vTaskSwitchContext                       0x0800bbdd   Thumb Code    82  tasks.o(i.vTaskSwitchContext)
    vUARTCommandConsoleStart                 0x0800bc39   Thumb Code    54  uartcommandconsole.o(i.vUARTCommandConsoleStart)
    vUARTInterruptHandler                    0x0800bc7d   Thumb Code    68  serial.o(i.vUARTInterruptHandler)
    xPortStartScheduler                      0x0800bd51   Thumb Code   222  port.o(i.xPortStartScheduler)
    xQueueCreateMutex                        0x0800be45   Thumb Code    22  queue.o(i.xQueueCreateMutex)
    xQueueGenericCreate                      0x0800be5b   Thumb Code    66  queue.o(i.xQueueGenericCreate)
    xQueueGenericCreateStatic                0x0800be9d   Thumb Code   102  queue.o(i.xQueueGenericCreateStatic)
    xQueueGenericReset                       0x0800bf05   Thumb Code   144  queue.o(i.xQueueGenericReset)
    xQueueGenericSend                        0x0800bf99   Thumb Code   346  queue.o(i.xQueueGenericSend)
    xQueueGenericSendFromISR                 0x0800c0f9   Thumb Code   190  queue.o(i.xQueueGenericSendFromISR)
    xQueueReceive                            0x0800c1b9   Thumb Code   310  queue.o(i.xQueueReceive)
    xQueueSemaphoreTake                      0x0800c2f5   Thumb Code   376  queue.o(i.xQueueSemaphoreTake)
    xSerialGetChar                           0x0800c471   Thumb Code    18  serial.o(i.xSerialGetChar)
    xSerialPortInitMinimal                   0x0800c489   Thumb Code    42  serial.o(i.xSerialPortInitMinimal)
    xSerialPutChar                           0x0800c4b9   Thumb Code    62  serial.o(i.xSerialPutChar)
    xTaskCheckForTimeOut                     0x0800c501   Thumb Code   116  tasks.o(i.xTaskCheckForTimeOut)
    xTaskCreate                              0x0800c579   Thumb Code    90  tasks.o(i.xTaskCreate)
    xTaskCreateStatic                        0x0800c5d3   Thumb Code    86  tasks.o(i.xTaskCreateStatic)
    xTaskGetCurrentTaskHandle                0x0800c629   Thumb Code     6  tasks.o(i.xTaskGetCurrentTaskHandle)
    xTaskGetSchedulerState                   0x0800c635   Thumb Code    22  tasks.o(i.xTaskGetSchedulerState)
    xTaskGetTickCount                        0x0800c651   Thumb Code     6  tasks.o(i.xTaskGetTickCount)
    xTaskIncrementTick                       0x0800c65d   Thumb Code   194  tasks.o(i.xTaskIncrementTick)
    xTaskPriorityDisinherit                  0x0800c729   Thumb Code   150  tasks.o(i.xTaskPriorityDisinherit)
    xTaskPriorityInherit                     0x0800c7c9   Thumb Code   136  tasks.o(i.xTaskPriorityInherit)
    xTaskRemoveFromEventList                 0x0800c859   Thumb Code   108  tasks.o(i.xTaskRemoveFromEventList)
    xTaskResumeAll                           0x0800c8cd   Thumb Code   184  tasks.o(i.xTaskResumeAll)
    xTimerCreate                             0x0800c991   Thumb Code    52  timers.o(i.xTimerCreate)
    xTimerCreateTimerTask                    0x0800c9c5   Thumb Code    78  timers.o(i.xTimerCreateTimerTask)
    xTimerGenericCommand                     0x0800ca25   Thumb Code    92  timers.o(i.xTimerGenericCommand)
    _get_lc_numeric                          0x0800ca85   Thumb Code    44  lc_numeric_c.o(locale$$code)
    _get_lc_ctype                            0x0800cab1   Thumb Code    44  lc_ctype_c.o(locale$$code)
    __fpl_dcheck_NaN1                        0x0800cadd   Thumb Code    10  dcheck1.o(x$fpl$dcheck1)
    _fp_init                                 0x0800caed   Thumb Code    10  fpinit.o(x$fpl$fpinit)
    __fplib_config_fpu_vfp                   0x0800caf5   Thumb Code     0  fpinit.o(x$fpl$fpinit)
    __fplib_config_pureend_doubles           0x0800caf5   Thumb Code     0  fpinit.o(x$fpl$fpinit)
    __ieee_status                            0x0800caf7   Thumb Code     6  istatus.o(x$fpl$ieeestatus)
    _printf_fp_dec                           0x0800cafd   Thumb Code     4  printf1.o(x$fpl$printf1)
    _printf_fp_hex                           0x0800cb01   Thumb Code     4  printf2.o(x$fpl$printf2)
    __fpl_return_NaN                         0x0800cb05   Thumb Code   100  retnan.o(x$fpl$retnan)
    __ARM_scalbn                             0x0800cb69   Thumb Code    92  scalbn.o(x$fpl$scalbn)
    _scanf_real                              0x0800cbc5   Thumb Code     4  scanf1.o(x$fpl$scanf1)
    _scanf_hex_real                          0x0800cbc9   Thumb Code     4  scanf2.o(x$fpl$scanf2)
    _scanf_infnan                            0x0800cbcd   Thumb Code     4  scanf2.o(x$fpl$scanf2)
    __fpl_cmpreturn                          0x0800cbd1   Thumb Code    48  trapv.o(x$fpl$trapveneer)
    __I$use$fp                               0x0800cc00   Number         0  usenofp.o(x$fpl$usenofp)
    UARTPrescTable                           0x0800cc80   Data          24  stm32h7xx_hal_uart.o(.constdata)
    D1CorePrescTable                         0x0800cca8   Data          16  system_stm32h7xx.o(.constdata)
    Region$$Table$$Base                      0x0800d288   Number         0  anon$$obj.o(Region$$Table)
    Region$$Table$$Limit                     0x0800d2a8   Number         0  anon$$obj.o(Region$$Table)
    __aeabi_HUGE_VAL                         0x0800d2a8   Data           0  fpconst.o(c$$dinf)
    __aeabi_HUGE_VALL                        0x0800d2a8   Data           0  fpconst.o(c$$dinf)
    __aeabi_INFINITY                         0x0800d2a8   Data           0  fpconst.o(c$$dinf)
    __dInf                                   0x0800d2a8   Data           0  fpconst.o(c$$dinf)
    __huge_val                               0x0800d2a8   Data           0  fpconst.o(c$$dinf)
    __dbl_max                                0x0800d2b0   Data           0  fpconst.o(c$$dmax)
    __ctype                                  0x0800d2e1   Data           0  lc_ctype_c.o(locale$$data)
    defaultTaskHandle                        0x24000000   Data           4  freertos.o(.data)
    uwTickFreq                               0x24000004   Data           1  stm32h7xx_hal.o(.data)
    uwTickPrio                               0x24000008   Data           4  stm32h7xx_hal.o(.data)
    uwTick                                   0x2400000c   Data           4  stm32h7xx_hal.o(.data)
    SystemCoreClock                          0x24000010   Data           4  system_stm32h7xx.o(.data)
    SystemD2Clock                            0x24000014   Data           4  system_stm32h7xx.o(.data)
    pxCurrentTCB                             0x24000018   Data           4  tasks.o(.data)
    rtc_ms                                   0x24000094   Data           2  global.o(.data)
    START_TASK_Handler                       0x24000098   Data           4  global.o(.data)
    rtc_time                                 0x2400009c   Data           6  global.o(.data)
    rtc_date                                 0x240000a2   Data           6  global.o(.data)
    write_mutex                              0x240000a8   Data           4  cmd.o(.data)
    elog_assert_hook                         0x240000b8   Data           4  elog.o(.data)
    index_name                               0x24000114   Data          48  innfos_ne30.o(.data)
    SCA_TASK_Handler                         0x24000158   Data           4  ne30_task.o(.data)
    SCA_TIMER                                0x2400015c   Data           4  ne30_task.o(.data)
    hfdcan1                                  0x24000818   Data         160  fdcan.o(.bss)
    huart1                                   0x240008b8   Data         148  usart.o(.bss)
    hdma_usart1_rx                           0x2400094c   Data         120  usart.o(.bss)
    htim17                                   0x240009c4   Data          76  stm32h7xx_hal_timebase_tim.o(.bss)
    xQueueRegistry                           0x24000a10   Data          64  queue.o(.bss)
    scaMotor                                 0x24008c6c   Data         264  global.o(.bss)
    fdcan1                                   0x24008d74   Data          20  global.o(.bss)
    debug_uart                               0x24008d88   Data          96  system.o(.bss)
    __libspace_start                         0x240096f8   Data          96  libspace.o(.bss)
    __temporary_stack_top$libspace           0x24009758   Data           0  libspace.o(.bss)



==============================================================================

Memory Map of the image

  Image Entry point : 0x080002cd

  Load Region LR_IROM1 (Base: 0x08000000, Size: 0x0000d544, Max: 0x00100000, ABSOLUTE, COMPRESSED[0x0000d44c])

    Execution Region ER_IROM1 (Exec base: 0x08000000, Load base: 0x08000000, Size: 0x0000d3e4, Max: 0x00100000, ABSOLUTE)

    Exec Addr    Load Addr    Size         Type   Attr      Idx    E Section Name        Object

    0x08000000   0x08000000   0x000002cc   Data   RO            3    RESET               startup_stm32h723xx.o
    0x080002cc   0x080002cc   0x00000008   Code   RO         7839  * !!!main             c_w.l(__main.o)
    0x080002d4   0x080002d4   0x00000034   Code   RO         8215    !!!scatter          c_w.l(__scatter.o)
    0x08000308   0x08000308   0x0000005a   Code   RO         8213    !!dczerorl2         c_w.l(__dczerorl2.o)
    0x08000362   0x08000362   0x00000002   PAD
    0x08000364   0x08000364   0x0000001c   Code   RO         8217    !!handler_zi        c_w.l(__scatter_zi.o)
    0x08000380   0x08000380   0x00000000   Code   RO         7812    .ARM.Collect$$_printf_percent$$00000000  c_w.l(_printf_percent.o)
    0x08000380   0x08000380   0x00000006   Code   RO         7879    .ARM.Collect$$_printf_percent$$00000001  c_w.l(_printf_n.o)
    0x08000386   0x08000386   0x00000006   Code   RO         7880    .ARM.Collect$$_printf_percent$$00000002  c_w.l(_printf_p.o)
    0x0800038c   0x0800038c   0x00000006   Code   RO         7883    .ARM.Collect$$_printf_percent$$00000003  c_w.l(_printf_f.o)
    0x08000392   0x08000392   0x00000006   Code   RO         7884    .ARM.Collect$$_printf_percent$$00000004  c_w.l(_printf_e.o)
    0x08000398   0x08000398   0x00000006   Code   RO         7885    .ARM.Collect$$_printf_percent$$00000005  c_w.l(_printf_g.o)
    0x0800039e   0x0800039e   0x00000006   Code   RO         7886    .ARM.Collect$$_printf_percent$$00000006  c_w.l(_printf_a.o)
    0x080003a4   0x080003a4   0x0000000a   Code   RO         7891    .ARM.Collect$$_printf_percent$$00000007  c_w.l(_printf_ll.o)
    0x080003ae   0x080003ae   0x00000006   Code   RO         7882    .ARM.Collect$$_printf_percent$$00000008  c_w.l(_printf_i.o)
    0x080003b4   0x080003b4   0x00000006   Code   RO         7810    .ARM.Collect$$_printf_percent$$00000009  c_w.l(_printf_d.o)
    0x080003ba   0x080003ba   0x00000006   Code   RO         7811    .ARM.Collect$$_printf_percent$$0000000A  c_w.l(_printf_u.o)
    0x080003c0   0x080003c0   0x00000006   Code   RO         7881    .ARM.Collect$$_printf_percent$$0000000B  c_w.l(_printf_o.o)
    0x080003c6   0x080003c6   0x00000006   Code   RO         7809    .ARM.Collect$$_printf_percent$$0000000C  c_w.l(_printf_x.o)
    0x080003cc   0x080003cc   0x00000006   Code   RO         7888    .ARM.Collect$$_printf_percent$$0000000D  c_w.l(_printf_lli.o)
    0x080003d2   0x080003d2   0x00000006   Code   RO         7889    .ARM.Collect$$_printf_percent$$0000000E  c_w.l(_printf_lld.o)
    0x080003d8   0x080003d8   0x00000006   Code   RO         7890    .ARM.Collect$$_printf_percent$$0000000F  c_w.l(_printf_llu.o)
    0x080003de   0x080003de   0x00000006   Code   RO         7895    .ARM.Collect$$_printf_percent$$00000010  c_w.l(_printf_llo.o)
    0x080003e4   0x080003e4   0x00000006   Code   RO         7896    .ARM.Collect$$_printf_percent$$00000011  c_w.l(_printf_llx.o)
    0x080003ea   0x080003ea   0x0000000a   Code   RO         7892    .ARM.Collect$$_printf_percent$$00000012  c_w.l(_printf_l.o)
    0x080003f4   0x080003f4   0x00000006   Code   RO         7807    .ARM.Collect$$_printf_percent$$00000013  c_w.l(_printf_c.o)
    0x080003fa   0x080003fa   0x00000006   Code   RO         7808    .ARM.Collect$$_printf_percent$$00000014  c_w.l(_printf_s.o)
    0x08000400   0x08000400   0x00000006   Code   RO         7893    .ARM.Collect$$_printf_percent$$00000015  c_w.l(_printf_lc.o)
    0x08000406   0x08000406   0x00000006   Code   RO         7894    .ARM.Collect$$_printf_percent$$00000016  c_w.l(_printf_ls.o)
    0x0800040c   0x0800040c   0x00000004   Code   RO         7887    .ARM.Collect$$_printf_percent$$00000017  c_w.l(_printf_percent_end.o)
    0x08000410   0x08000410   0x00000002   Code   RO         8006    .ARM.Collect$$libinit$$00000000  c_w.l(libinit.o)
    0x08000412   0x08000412   0x00000004   Code   RO         8007    .ARM.Collect$$libinit$$00000001  c_w.l(libinit2.o)
    0x08000416   0x08000416   0x00000000   Code   RO         8010    .ARM.Collect$$libinit$$00000004  c_w.l(libinit2.o)
    0x08000416   0x08000416   0x00000000   Code   RO         8013    .ARM.Collect$$libinit$$0000000A  c_w.l(libinit2.o)
    0x08000416   0x08000416   0x00000000   Code   RO         8015    .ARM.Collect$$libinit$$0000000C  c_w.l(libinit2.o)
    0x08000416   0x08000416   0x00000000   Code   RO         8017    .ARM.Collect$$libinit$$0000000E  c_w.l(libinit2.o)
    0x08000416   0x08000416   0x00000006   Code   RO         8018    .ARM.Collect$$libinit$$0000000F  c_w.l(libinit2.o)
    0x0800041c   0x0800041c   0x00000000   Code   RO         8020    .ARM.Collect$$libinit$$00000011  c_w.l(libinit2.o)
    0x0800041c   0x0800041c   0x0000000c   Code   RO         8021    .ARM.Collect$$libinit$$00000012  c_w.l(libinit2.o)
    0x08000428   0x08000428   0x00000000   Code   RO         8022    .ARM.Collect$$libinit$$00000013  c_w.l(libinit2.o)
    0x08000428   0x08000428   0x00000000   Code   RO         8024    .ARM.Collect$$libinit$$00000015  c_w.l(libinit2.o)
    0x08000428   0x08000428   0x0000000a   Code   RO         8025    .ARM.Collect$$libinit$$00000016  c_w.l(libinit2.o)
    0x08000432   0x08000432   0x00000000   Code   RO         8026    .ARM.Collect$$libinit$$00000017  c_w.l(libinit2.o)
    0x08000432   0x08000432   0x00000000   Code   RO         8028    .ARM.Collect$$libinit$$00000019  c_w.l(libinit2.o)
    0x08000432   0x08000432   0x00000000   Code   RO         8030    .ARM.Collect$$libinit$$0000001B  c_w.l(libinit2.o)
    0x08000432   0x08000432   0x00000000   Code   RO         8032    .ARM.Collect$$libinit$$0000001D  c_w.l(libinit2.o)
    0x08000432   0x08000432   0x00000000   Code   RO         8034    .ARM.Collect$$libinit$$0000001F  c_w.l(libinit2.o)
    0x08000432   0x08000432   0x00000000   Code   RO         8036    .ARM.Collect$$libinit$$00000021  c_w.l(libinit2.o)
    0x08000432   0x08000432   0x00000000   Code   RO         8038    .ARM.Collect$$libinit$$00000023  c_w.l(libinit2.o)
    0x08000432   0x08000432   0x00000000   Code   RO         8040    .ARM.Collect$$libinit$$00000025  c_w.l(libinit2.o)
    0x08000432   0x08000432   0x00000000   Code   RO         8044    .ARM.Collect$$libinit$$0000002C  c_w.l(libinit2.o)
    0x08000432   0x08000432   0x00000000   Code   RO         8046    .ARM.Collect$$libinit$$0000002E  c_w.l(libinit2.o)
    0x08000432   0x08000432   0x00000000   Code   RO         8048    .ARM.Collect$$libinit$$00000030  c_w.l(libinit2.o)
    0x08000432   0x08000432   0x00000000   Code   RO         8050    .ARM.Collect$$libinit$$00000032  c_w.l(libinit2.o)
    0x08000432   0x08000432   0x00000002   Code   RO         8051    .ARM.Collect$$libinit$$00000033  c_w.l(libinit2.o)
    0x08000434   0x08000434   0x00000002   Code   RO         8137    .ARM.Collect$$libshutdown$$00000000  c_w.l(libshutdown.o)
    0x08000436   0x08000436   0x00000000   Code   RO         8171    .ARM.Collect$$libshutdown$$00000002  c_w.l(libshutdown2.o)
    0x08000436   0x08000436   0x00000000   Code   RO         8173    .ARM.Collect$$libshutdown$$00000004  c_w.l(libshutdown2.o)
    0x08000436   0x08000436   0x00000000   Code   RO         8175    .ARM.Collect$$libshutdown$$00000006  c_w.l(libshutdown2.o)
    0x08000436   0x08000436   0x00000000   Code   RO         8178    .ARM.Collect$$libshutdown$$00000009  c_w.l(libshutdown2.o)
    0x08000436   0x08000436   0x00000000   Code   RO         8181    .ARM.Collect$$libshutdown$$0000000C  c_w.l(libshutdown2.o)
    0x08000436   0x08000436   0x00000000   Code   RO         8183    .ARM.Collect$$libshutdown$$0000000E  c_w.l(libshutdown2.o)
    0x08000436   0x08000436   0x00000000   Code   RO         8186    .ARM.Collect$$libshutdown$$00000011  c_w.l(libshutdown2.o)
    0x08000436   0x08000436   0x00000002   Code   RO         8187    .ARM.Collect$$libshutdown$$00000012  c_w.l(libshutdown2.o)
    0x08000438   0x08000438   0x00000000   Code   RO         7847    .ARM.Collect$$rtentry$$00000000  c_w.l(__rtentry.o)
    0x08000438   0x08000438   0x00000000   Code   RO         7909    .ARM.Collect$$rtentry$$00000002  c_w.l(__rtentry2.o)
    0x08000438   0x08000438   0x00000006   Code   RO         7921    .ARM.Collect$$rtentry$$00000004  c_w.l(__rtentry4.o)
    0x0800043e   0x0800043e   0x00000000   Code   RO         7911    .ARM.Collect$$rtentry$$00000009  c_w.l(__rtentry2.o)
    0x0800043e   0x0800043e   0x00000004   Code   RO         7912    .ARM.Collect$$rtentry$$0000000A  c_w.l(__rtentry2.o)
    0x08000442   0x08000442   0x00000000   Code   RO         7914    .ARM.Collect$$rtentry$$0000000C  c_w.l(__rtentry2.o)
    0x08000442   0x08000442   0x00000008   Code   RO         7915    .ARM.Collect$$rtentry$$0000000D  c_w.l(__rtentry2.o)
    0x0800044a   0x0800044a   0x00000002   Code   RO         8056    .ARM.Collect$$rtexit$$00000000  c_w.l(rtexit.o)
    0x0800044c   0x0800044c   0x00000000   Code   RO         8092    .ARM.Collect$$rtexit$$00000002  c_w.l(rtexit2.o)
    0x0800044c   0x0800044c   0x00000004   Code   RO         8093    .ARM.Collect$$rtexit$$00000003  c_w.l(rtexit2.o)
    0x08000450   0x08000450   0x00000006   Code   RO         8094    .ARM.Collect$$rtexit$$00000004  c_w.l(rtexit2.o)
    0x08000456   0x08000456   0x00000002   PAD
    0x08000458   0x08000458   0x000000be   Code   RO         6678    .emb_text           port.o
    0x08000516   0x08000516   0x00000002   PAD
    0x08000518   0x08000518   0x00000040   Code   RO            4    .text               startup_stm32h723xx.o
    0x08000558   0x08000558   0x000000ee   Code   RO         7746    .text               c_w.l(lludivv7m.o)
    0x08000646   0x08000646   0x00000002   PAD
    0x08000648   0x08000648   0x00000034   Code   RO         7748    .text               c_w.l(vsnprintf.o)
    0x0800067c   0x0800067c   0x0000002c   Code   RO         7750    .text               c_w.l(__2sprintf.o)
    0x080006a8   0x080006a8   0x00000038   Code   RO         7752    .text               c_w.l(__2snprintf.o)
    0x080006e0   0x080006e0   0x0000004e   Code   RO         7760    .text               c_w.l(_printf_pad.o)
    0x0800072e   0x0800072e   0x00000052   Code   RO         7762    .text               c_w.l(_printf_str.o)
    0x08000780   0x08000780   0x00000078   Code   RO         7764    .text               c_w.l(_printf_dec.o)
    0x080007f8   0x080007f8   0x00000094   Code   RO         7784    .text               c_w.l(_printf_hex_int_ll_ptr.o)
    0x0800088c   0x0800088c   0x00000188   Code   RO         7804    .text               c_w.l(__printf_flags_ss_wp.o)
    0x08000a14   0x08000a14   0x00000024   Code   RO         7813    .text               c_w.l(strstr.o)
    0x08000a38   0x08000a38   0x00000048   Code   RO         7815    .text               c_w.l(strcpy.o)
    0x08000a80   0x08000a80   0x0000003e   Code   RO         7817    .text               c_w.l(strlen.o)
    0x08000abe   0x08000abe   0x00000096   Code   RO         7821    .text               c_w.l(strncmp.o)
    0x08000b54   0x08000b54   0x0000008a   Code   RO         7823    .text               c_w.l(rt_memcpy_v6.o)
    0x08000bde   0x08000bde   0x00000064   Code   RO         7825    .text               c_w.l(rt_memcpy_w.o)
    0x08000c42   0x08000c42   0x00000010   Code   RO         7829    .text               c_w.l(aeabi_memset.o)
    0x08000c52   0x08000c52   0x00000044   Code   RO         7831    .text               c_w.l(rt_memclr.o)
    0x08000c96   0x08000c96   0x0000004e   Code   RO         7833    .text               c_w.l(rt_memclr_w.o)
    0x08000ce4   0x08000ce4   0x00000056   Code   RO         7835    .text               c_w.l(strncpy.o)
    0x08000d3a   0x08000d3a   0x00000006   Code   RO         7837    .text               c_w.l(heapauxi.o)
    0x08000d40   0x08000d40   0x00000016   Code   RO         7852    .text               c_w.l(_rserrno.o)
    0x08000d56   0x08000d56   0x00000024   Code   RO         7854    .text               c_w.l(_printf_truncate.o)
    0x08000d7a   0x08000d7a   0x000000b2   Code   RO         7856    .text               c_w.l(_printf_intcommon.o)
    0x08000e2c   0x08000e2c   0x00000028   Code   RO         7858    .text               c_w.l(_printf_charcount.o)
    0x08000e54   0x08000e54   0x00000030   Code   RO         7860    .text               c_w.l(_printf_char_common.o)
    0x08000e84   0x08000e84   0x0000000a   Code   RO         7862    .text               c_w.l(_sputc.o)
    0x08000e8e   0x08000e8e   0x00000010   Code   RO         7864    .text               c_w.l(_snputc.o)
    0x08000e9e   0x08000e9e   0x0000002c   Code   RO         7866    .text               c_w.l(_printf_char.o)
    0x08000eca   0x08000eca   0x00000002   PAD
    0x08000ecc   0x08000ecc   0x000000bc   Code   RO         7868    .text               c_w.l(_printf_wctomb.o)
    0x08000f88   0x08000f88   0x0000007c   Code   RO         7871    .text               c_w.l(_printf_longlong_dec.o)
    0x08001004   0x08001004   0x00000070   Code   RO         7877    .text               c_w.l(_printf_oct_int_ll.o)
    0x08001074   0x08001074   0x000000a4   Code   RO         7897    .text               c_w.l(strtod.o)
    0x08001118   0x08001118   0x00000008   Code   RO         7928    .text               c_w.l(rt_errno_addr_intlibspace.o)
    0x08001120   0x08001120   0x0000008a   Code   RO         7930    .text               c_w.l(lludiv10.o)
    0x080011aa   0x080011aa   0x00000012   Code   RO         7932    .text               c_w.l(isspace.o)
    0x080011bc   0x080011bc   0x0000041e   Code   RO         7934    .text               c_w.l(_printf_fp_dec.o)
    0x080015da   0x080015da   0x00000002   PAD
    0x080015dc   0x080015dc   0x000002fc   Code   RO         7936    .text               c_w.l(_printf_fp_hex.o)
    0x080018d8   0x080018d8   0x0000002c   Code   RO         7941    .text               c_w.l(_printf_wchar.o)
    0x08001904   0x08001904   0x00000040   Code   RO         7943    .text               c_w.l(_sgetc.o)
    0x08001944   0x08001944   0x00000040   Code   RO         7945    .text               c_w.l(_wcrtomb.o)
    0x08001984   0x08001984   0x00000008   Code   RO         7952    .text               c_w.l(libspace.o)
    0x0800198c   0x0800198c   0x0000004a   Code   RO         7955    .text               c_w.l(sys_stackheap_outer.o)
    0x080019d6   0x080019d6   0x00000002   PAD
    0x080019d8   0x080019d8   0x00000010   Code   RO         7957    .text               c_w.l(rt_ctype_table.o)
    0x080019e8   0x080019e8   0x00000008   Code   RO         7962    .text               c_w.l(rt_locale_intlibspace.o)
    0x080019f0   0x080019f0   0x00000080   Code   RO         7964    .text               c_w.l(_printf_fp_infnan.o)
    0x08001a70   0x08001a70   0x000004f8   Code   RO         7966    .text               c_w.l(scanf_fp.o)
    0x08001f68   0x08001f68   0x000000e4   Code   RO         7968    .text               c_w.l(bigflt0.o)
    0x0800204c   0x0800204c   0x00000012   Code   RO         7993    .text               c_w.l(exit.o)
    0x0800205e   0x0800205e   0x00000002   PAD
    0x08002060   0x08002060   0x00000068   Code   RO         7999    .text               c_w.l(strcmpv7m_pel.o)
    0x080020c8   0x080020c8   0x0000000c   Code   RO         8089    .text               c_w.l(sys_exit.o)
    0x080020d4   0x080020d4   0x00000320   Code   RO         8098    .text               c_w.l(scanf_hexfp.o)
    0x080023f4   0x080023f4   0x00000134   Code   RO         8100    .text               c_w.l(scanf_infnan.o)
    0x08002528   0x08002528   0x00000002   Code   RO         8120    .text               c_w.l(use_no_semi.o)
    0x0800252a   0x0800252a   0x00000000   Code   RO         8122    .text               c_w.l(indicate_semi.o)
    0x0800252a   0x0800252a   0x00000026   Code   RO         8125    .text               c_w.l(llshl.o)
    0x08002550   0x08002550   0x0000001c   Code   RO         8127    .text               c_w.l(_chval.o)
    0x0800256c   0x0800256c   0x0000003e   Code   RO         7971    CL$$btod_d2e        c_w.l(btod.o)
    0x080025aa   0x080025aa   0x00000046   Code   RO         7973    CL$$btod_d2e_denorm_low  c_w.l(btod.o)
    0x080025f0   0x080025f0   0x00000060   Code   RO         7972    CL$$btod_d2e_norm_op1  c_w.l(btod.o)
    0x08002650   0x08002650   0x00000338   Code   RO         7981    CL$$btod_div_common  c_w.l(btod.o)
    0x08002988   0x08002988   0x00000084   Code   RO         7979    CL$$btod_e2d        c_w.l(btod.o)
    0x08002a0c   0x08002a0c   0x000000dc   Code   RO         7978    CL$$btod_e2e        c_w.l(btod.o)
    0x08002ae8   0x08002ae8   0x0000002a   Code   RO         7975    CL$$btod_ediv       c_w.l(btod.o)
    0x08002b12   0x08002b12   0x0000002a   Code   RO         7977    CL$$btod_edivd      c_w.l(btod.o)
    0x08002b3c   0x08002b3c   0x0000002a   Code   RO         7974    CL$$btod_emul       c_w.l(btod.o)
    0x08002b66   0x08002b66   0x0000002a   Code   RO         7976    CL$$btod_emuld      c_w.l(btod.o)
    0x08002b90   0x08002b90   0x00000244   Code   RO         7980    CL$$btod_mult_common  c_w.l(btod.o)
    0x08002dd4   0x08002dd4   0x00000002   Code   RO          443    i.BusFault_Handler  stm32h7xx_it.o
    0x08002dd6   0x08002dd6   0x00000002   PAD
    0x08002dd8   0x08002dd8   0x0000000c   Code   RO          444    i.DMA1_Stream0_IRQHandler  stm32h7xx_it.o
    0x08002de4   0x08002de4   0x000000b4   Code   RO         1985    i.DMA_CalcBaseAndBitshift  stm32h7xx_hal_dma.o
    0x08002e98   0x08002e98   0x0000009c   Code   RO         1986    i.DMA_CalcDMAMUXChannelBaseAndMask  stm32h7xx_hal_dma.o
    0x08002f34   0x08002f34   0x00000074   Code   RO         1987    i.DMA_CalcDMAMUXRequestGenBaseAndMask  stm32h7xx_hal_dma.o
    0x08002fa8   0x08002fa8   0x00000054   Code   RO         1988    i.DMA_CheckFifoParam  stm32h7xx_hal_dma.o
    0x08002ffc   0x08002ffc   0x00000220   Code   RO         1989    i.DMA_SetConfig     stm32h7xx_hal_dma.o
    0x0800321c   0x0800321c   0x00000002   Code   RO          445    i.DebugMon_Handler  stm32h7xx_it.o
    0x0800321e   0x0800321e   0x00000004   Code   RO           13    i.Error_Handler     main.o
    0x08003222   0x08003222   0x00000002   PAD
    0x08003224   0x08003224   0x0000000c   Code   RO          446    i.FDCAN1_IT0_IRQHandler  stm32h7xx_it.o
    0x08003230   0x08003230   0x0000000c   Code   RO          447    i.FDCAN1_IT1_IRQHandler  stm32h7xx_it.o
    0x0800323c   0x0800323c   0x000001c8   Code   RO          747    i.FDCAN_CalcultateRamBlockAddresses  stm32h7xx_hal_fdcan.o
    0x08003404   0x08003404   0x0000007c   Code   RO          748    i.FDCAN_CopyMessageToRAM  stm32h7xx_hal_fdcan.o
    0x08003480   0x08003480   0x00000008   Code   RO         7192    i.FreeRTOS_CLIGetOutputBuffer  freertos_cli.o
    0x08003488   0x08003488   0x000000d0   Code   RO         7194    i.FreeRTOS_CLIProcessCommand  freertos_cli.o
    0x08003558   0x08003558   0x00000050   Code   RO         7195    i.FreeRTOS_CLIRegisterCommand  freertos_cli.o
    0x080035a8   0x080035a8   0x00000360   Code   RO         1990    i.HAL_DMA_Abort     stm32h7xx_hal_dma.o
    0x08003908   0x08003908   0x00000284   Code   RO         1991    i.HAL_DMA_Abort_IT  stm32h7xx_hal_dma.o
    0x08003b8c   0x08003b8c   0x00000004   Code   RO         1993    i.HAL_DMA_GetError  stm32h7xx_hal_dma.o
    0x08003b90   0x08003b90   0x000006e8   Code   RO         1995    i.HAL_DMA_IRQHandler  stm32h7xx_hal_dma.o
    0x08004278   0x08004278   0x000003bc   Code   RO         1996    i.HAL_DMA_Init      stm32h7xx_hal_dma.o
    0x08004634   0x08004634   0x0000029c   Code   RO         2000    i.HAL_DMA_Start_IT  stm32h7xx_hal_dma.o
    0x080048d0   0x080048d0   0x00000088   Code   RO          750    i.HAL_FDCAN_ActivateNotification  stm32h7xx_hal_fdcan.o
    0x08004958   0x08004958   0x00000066   Code   RO          752    i.HAL_FDCAN_AddMessageToTxFifoQ  stm32h7xx_hal_fdcan.o
    0x080049be   0x080049be   0x00000002   Code   RO          753    i.HAL_FDCAN_ClockCalibrationCallback  stm32h7xx_hal_fdcan.o
    0x080049c0   0x080049c0   0x0000007e   Code   RO          757    i.HAL_FDCAN_ConfigFilter  stm32h7xx_hal_fdcan.o
    0x08004a3e   0x08004a3e   0x00000002   Code   RO          779    i.HAL_FDCAN_ErrorCallback  stm32h7xx_hal_fdcan.o
    0x08004a40   0x08004a40   0x00000002   Code   RO          780    i.HAL_FDCAN_ErrorStatusCallback  stm32h7xx_hal_fdcan.o
    0x08004a42   0x08004a42   0x00000002   PAD
    0x08004a44   0x08004a44   0x0000018c   Code   RO          791    i.HAL_FDCAN_GetRxMessage  stm32h7xx_hal_fdcan.o
    0x08004bd0   0x08004bd0   0x00000002   Code   RO          797    i.HAL_FDCAN_HighPriorityMessageCallback  stm32h7xx_hal_fdcan.o
    0x08004bd2   0x08004bd2   0x00000002   PAD
    0x08004bd4   0x08004bd4   0x00000320   Code   RO          798    i.HAL_FDCAN_IRQHandler  stm32h7xx_hal_fdcan.o
    0x08004ef4   0x08004ef4   0x00000244   Code   RO          799    i.HAL_FDCAN_Init    stm32h7xx_hal_fdcan.o
    0x08005138   0x08005138   0x000000a8   Code   RO          360    i.HAL_FDCAN_MspInit  fdcan.o
    0x080051e0   0x080051e0   0x00000002   Code   RO          808    i.HAL_FDCAN_RxBufferNewMessageCallback  stm32h7xx_hal_fdcan.o
    0x080051e2   0x080051e2   0x00000002   PAD
    0x080051e4   0x080051e4   0x00000034   Code   RO         7397    i.HAL_FDCAN_RxFifo0Callback  my_fdcan.o
    0x08005218   0x08005218   0x00000002   Code   RO          810    i.HAL_FDCAN_RxFifo1Callback  stm32h7xx_hal_fdcan.o
    0x0800521a   0x0800521a   0x00000032   Code   RO          811    i.HAL_FDCAN_Start   stm32h7xx_hal_fdcan.o
    0x0800524c   0x0800524c   0x00000002   Code   RO          833    i.HAL_FDCAN_TT_GlobalTimeCallback  stm32h7xx_hal_fdcan.o
    0x0800524e   0x0800524e   0x00000002   Code   RO          834    i.HAL_FDCAN_TT_ScheduleSyncCallback  stm32h7xx_hal_fdcan.o
    0x08005250   0x08005250   0x00000002   Code   RO          839    i.HAL_FDCAN_TT_StopWatchCallback  stm32h7xx_hal_fdcan.o
    0x08005252   0x08005252   0x00000002   Code   RO          840    i.HAL_FDCAN_TT_TimeMarkCallback  stm32h7xx_hal_fdcan.o
    0x08005254   0x08005254   0x00000002   Code   RO          841    i.HAL_FDCAN_TimeoutOccurredCallback  stm32h7xx_hal_fdcan.o
    0x08005256   0x08005256   0x00000002   Code   RO          842    i.HAL_FDCAN_TimestampWraparoundCallback  stm32h7xx_hal_fdcan.o
    0x08005258   0x08005258   0x00000002   Code   RO          843    i.HAL_FDCAN_TxBufferAbortCallback  stm32h7xx_hal_fdcan.o
    0x0800525a   0x0800525a   0x00000002   Code   RO          844    i.HAL_FDCAN_TxBufferCompleteCallback  stm32h7xx_hal_fdcan.o
    0x0800525c   0x0800525c   0x00000002   Code   RO          845    i.HAL_FDCAN_TxEventFifoCallback  stm32h7xx_hal_fdcan.o
    0x0800525e   0x0800525e   0x00000002   Code   RO          846    i.HAL_FDCAN_TxFifoEmptyCallback  stm32h7xx_hal_fdcan.o
    0x08005260   0x08005260   0x0000021c   Code   RO         1838    i.HAL_GPIO_Init     stm32h7xx_hal_gpio.o
    0x0800547c   0x0800547c   0x0000000c   Code   RO         2703    i.HAL_GetTick       stm32h7xx_hal.o
    0x08005488   0x08005488   0x00000010   Code   RO         2709    i.HAL_IncTick       stm32h7xx_hal.o
    0x08005498   0x08005498   0x0000005c   Code   RO         2710    i.HAL_Init          stm32h7xx_hal.o
    0x080054f4   0x080054f4   0x00000084   Code   RO          555    i.HAL_InitTick      stm32h7xx_hal_timebase_tim.o
    0x08005578   0x08005578   0x0000005c   Code   RO          595    i.HAL_MPU_ConfigRegion  stm32h7xx_hal_cortex.o
    0x080055d4   0x080055d4   0x0000001c   Code   RO          596    i.HAL_MPU_Disable   stm32h7xx_hal_cortex.o
    0x080055f0   0x080055f0   0x00000024   Code   RO          598    i.HAL_MPU_Enable    stm32h7xx_hal_cortex.o
    0x08005614   0x08005614   0x00000024   Code   RO          531    i.HAL_MspInit       stm32h7xx_hal_msp.o
    0x08005638   0x08005638   0x0000001a   Code   RO          602    i.HAL_NVIC_EnableIRQ  stm32h7xx_hal_cortex.o
    0x08005652   0x08005652   0x00000002   PAD
    0x08005654   0x08005654   0x00000040   Code   RO          608    i.HAL_NVIC_SetPriority  stm32h7xx_hal_cortex.o
    0x08005694   0x08005694   0x00000024   Code   RO          609    i.HAL_NVIC_SetPriorityGrouping  stm32h7xx_hal_cortex.o
    0x080056b8   0x080056b8   0x00000024   Code   RO          610    i.HAL_NVIC_SystemReset  stm32h7xx_hal_cortex.o
    0x080056dc   0x080056dc   0x00000054   Code   RO         2439    i.HAL_PWREx_ConfigSupply  stm32h7xx_hal_pwr_ex.o
    0x08005730   0x08005730   0x00000024   Code   RO         1481    i.HAL_RCCEx_GetD3PCLK1Freq  stm32h7xx_hal_rcc_ex.o
    0x08005754   0x08005754   0x00000144   Code   RO         1483    i.HAL_RCCEx_GetPLL2ClockFreq  stm32h7xx_hal_rcc_ex.o
    0x08005898   0x08005898   0x00000144   Code   RO         1484    i.HAL_RCCEx_GetPLL3ClockFreq  stm32h7xx_hal_rcc_ex.o
    0x080059dc   0x080059dc   0x0000093a   Code   RO         1490    i.HAL_RCCEx_PeriphCLKConfig  stm32h7xx_hal_rcc_ex.o
    0x08006316   0x08006316   0x00000002   PAD
    0x08006318   0x08006318   0x0000025c   Code   RO         1366    i.HAL_RCC_ClockConfig  stm32h7xx_hal_rcc.o
    0x08006574   0x08006574   0x0000005c   Code   RO         1370    i.HAL_RCC_GetClockConfig  stm32h7xx_hal_rcc.o
    0x080065d0   0x080065d0   0x00000044   Code   RO         1371    i.HAL_RCC_GetHCLKFreq  stm32h7xx_hal_rcc.o
    0x08006614   0x08006614   0x00000024   Code   RO         1373    i.HAL_RCC_GetPCLK1Freq  stm32h7xx_hal_rcc.o
    0x08006638   0x08006638   0x00000024   Code   RO         1374    i.HAL_RCC_GetPCLK2Freq  stm32h7xx_hal_rcc.o
    0x0800665c   0x0800665c   0x00000138   Code   RO         1375    i.HAL_RCC_GetSysClockFreq  stm32h7xx_hal_rcc.o
    0x08006794   0x08006794   0x00000526   Code   RO         1378    i.HAL_RCC_OscConfig  stm32h7xx_hal_rcc.o
    0x08006cba   0x08006cba   0x00000002   Code   RO         4342    i.HAL_TIMEx_Break2Callback  stm32h7xx_hal_tim_ex.o
    0x08006cbc   0x08006cbc   0x00000002   Code   RO         4343    i.HAL_TIMEx_BreakCallback  stm32h7xx_hal_tim_ex.o
    0x08006cbe   0x08006cbe   0x00000002   Code   RO         4344    i.HAL_TIMEx_CommutCallback  stm32h7xx_hal_tim_ex.o
    0x08006cc0   0x08006cc0   0x00000062   Code   RO         3628    i.HAL_TIM_Base_Init  stm32h7xx_hal_tim.o
    0x08006d22   0x08006d22   0x00000002   Code   RO         3630    i.HAL_TIM_Base_MspInit  stm32h7xx_hal_tim.o
    0x08006d24   0x08006d24   0x000000a0   Code   RO         3633    i.HAL_TIM_Base_Start_IT  stm32h7xx_hal_tim.o
    0x08006dc4   0x08006dc4   0x00000002   Code   RO         3662    i.HAL_TIM_IC_CaptureCallback  stm32h7xx_hal_tim.o
    0x08006dc6   0x08006dc6   0x00000148   Code   RO         3676    i.HAL_TIM_IRQHandler  stm32h7xx_hal_tim.o
    0x08006f0e   0x08006f0e   0x00000002   Code   RO         3679    i.HAL_TIM_OC_DelayElapsedCallback  stm32h7xx_hal_tim.o
    0x08006f10   0x08006f10   0x00000002   Code   RO         3706    i.HAL_TIM_PWM_PulseFinishedCallback  stm32h7xx_hal_tim.o
    0x08006f12   0x08006f12   0x00000002   PAD
    0x08006f14   0x08006f14   0x00000014   Code   RO           14    i.HAL_TIM_PeriodElapsedCallback  main.o
    0x08006f28   0x08006f28   0x00000002   Code   RO         3719    i.HAL_TIM_TriggerCallback  stm32h7xx_hal_tim.o
    0x08006f2a   0x08006f2a   0x00000040   Code   RO         5065    i.HAL_UARTEx_DisableFifoMode  stm32h7xx_hal_uart_ex.o
    0x08006f6a   0x08006f6a   0x00000002   Code   RO         4654    i.HAL_UARTEx_RxEventCallback  stm32h7xx_hal_uart.o
    0x08006f6c   0x08006f6c   0x00000002   Code   RO         5073    i.HAL_UARTEx_RxFifoFullCallback  stm32h7xx_hal_uart_ex.o
    0x08006f6e   0x08006f6e   0x0000004c   Code   RO         5074    i.HAL_UARTEx_SetRxFifoThreshold  stm32h7xx_hal_uart_ex.o
    0x08006fba   0x08006fba   0x0000004c   Code   RO         5075    i.HAL_UARTEx_SetTxFifoThreshold  stm32h7xx_hal_uart_ex.o
    0x08007006   0x08007006   0x00000002   Code   RO         5077    i.HAL_UARTEx_TxFifoEmptyCallback  stm32h7xx_hal_uart_ex.o
    0x08007008   0x08007008   0x00000002   Code   RO         5078    i.HAL_UARTEx_WakeupCallback  stm32h7xx_hal_uart_ex.o
    0x0800700a   0x0800700a   0x00000092   Code   RO         4666    i.HAL_UART_DMAStop  stm32h7xx_hal_uart.o
    0x0800709c   0x0800709c   0x00000002   Code   RO         4670    i.HAL_UART_ErrorCallback  stm32h7xx_hal_uart.o
    0x0800709e   0x0800709e   0x00000002   PAD
    0x080070a0   0x080070a0   0x00000388   Code   RO         4673    i.HAL_UART_IRQHandler  stm32h7xx_hal_uart.o
    0x08007428   0x08007428   0x0000006a   Code   RO         4674    i.HAL_UART_Init     stm32h7xx_hal_uart.o
    0x08007492   0x08007492   0x00000002   PAD
    0x08007494   0x08007494   0x000000cc   Code   RO          402    i.HAL_UART_MspInit  usart.o
    0x08007560   0x08007560   0x00000048   Code   RO         4678    i.HAL_UART_Receive_DMA  stm32h7xx_hal_uart.o
    0x080075a8   0x080075a8   0x00000002   Code   RO         4681    i.HAL_UART_RxCpltCallback  stm32h7xx_hal_uart.o
    0x080075aa   0x080075aa   0x00000002   Code   RO         4682    i.HAL_UART_RxHalfCpltCallback  stm32h7xx_hal_uart.o
    0x080075ac   0x080075ac   0x000000b0   Code   RO         4683    i.HAL_UART_Transmit  stm32h7xx_hal_uart.o
    0x0800765c   0x0800765c   0x00000002   Code   RO         4686    i.HAL_UART_TxCpltCallback  stm32h7xx_hal_uart.o
    0x0800765e   0x0800765e   0x00000002   Code   RO          448    i.HardFault_Handler  stm32h7xx_it.o
    0x08007660   0x08007660   0x0000002c   Code   RO          335    i.MX_DMA_Init       dma.o
    0x0800768c   0x0800768c   0x00000064   Code   RO          361    i.MX_FDCAN1_Init    fdcan.o
    0x080076f0   0x080076f0   0x00000028   Code   RO          279    i.MX_FREERTOS_Init  freertos.o
    0x08007718   0x08007718   0x0000003c   Code   RO          255    i.MX_GPIO_Init      gpio.o
    0x08007754   0x08007754   0x00000068   Code   RO          403    i.MX_USART1_UART_Init  usart.o
    0x080077bc   0x080077bc   0x00000002   Code   RO          449    i.MemManage_Handler  stm32h7xx_it.o
    0x080077be   0x080077be   0x00000002   Code   RO          450    i.NMI_Handler       stm32h7xx_it.o
    0x080077c0   0x080077c0   0x00000032   Code   RO         7627    i.R1dataProcess     sca_protocol.o
    0x080077f2   0x080077f2   0x00000002   PAD
    0x080077f4   0x080077f4   0x0000007c   Code   RO         7628    i.R2dataProcess     sca_protocol.o
    0x08007870   0x08007870   0x00000140   Code   RO         7629    i.R3dataProcess     sca_protocol.o
    0x080079b0   0x080079b0   0x00000084   Code   RO         7630    i.R4dataProcess     sca_protocol.o
    0x08007a34   0x08007a34   0x00000010   Code   RO         7631    i.R5dataProcess     sca_protocol.o
    0x08007a44   0x08007a44   0x00000120   Code   RO         1493    i.RCCEx_PLL2_Config  stm32h7xx_hal_rcc_ex.o
    0x08007b64   0x08007b64   0x00000120   Code   RO         1494    i.RCCEx_PLL3_Config  stm32h7xx_hal_rcc_ex.o
    0x08007c84   0x08007c84   0x000000dc   Code   RO         7450    i.SCA_DataProcess   innfos_ne30.o
    0x08007d60   0x08007d60   0x00000012   Code   RO         7452    i.SCA_Enable        innfos_ne30.o
    0x08007d72   0x08007d72   0x00000042   Code   RO         7453    i.SCA_GetAllInfomation  innfos_ne30.o
    0x08007db4   0x08007db4   0x00000010   Code   RO         7454    i.SCA_GetCVP        innfos_ne30.o
    0x08007dc4   0x08007dc4   0x00000010   Code   RO         7456    i.SCA_GetProfileVelocityMaxVelocity  innfos_ne30.o
    0x08007dd4   0x08007dd4   0x00000010   Code   RO         7457    i.SCA_GetSerialNumbe  innfos_ne30.o
    0x08007de4   0x08007de4   0x00000010   Code   RO         7458    i.SCA_GetState      innfos_ne30.o
    0x08007df4   0x08007df4   0x00000010   Code   RO         7459    i.SCA_GetTemperature  innfos_ne30.o
    0x08007e04   0x08007e04   0x00000010   Code   RO         7461    i.SCA_GetVelocityLimit  innfos_ne30.o
    0x08007e14   0x08007e14   0x00000010   Code   RO         7462    i.SCA_GetVoltage    innfos_ne30.o
    0x08007e24   0x08007e24   0x00000010   Code   RO         7463    i.SCA_HeartBeat     innfos_ne30.o
    0x08007e34   0x08007e34   0x00000010   Code   RO         7632    i.SCA_Read          sca_protocol.o
    0x08007e44   0x08007e44   0x00000014   Code   RO         7466    i.SCA_SetCurrent    innfos_ne30.o
    0x08007e58   0x08007e58   0x00000088   Code   RO         7468    i.SCA_SetMod        innfos_ne30.o
    0x08007ee0   0x08007ee0   0x000000cc   Code   RO         7469    i.SCA_SetPosition   innfos_ne30.o
    0x08007fac   0x08007fac   0x00000014   Code   RO         7471    i.SCA_SetVelocity   innfos_ne30.o
    0x08007fc0   0x08007fc0   0x00000018   Code   RO         7633    i.SCA_Write_1       sca_protocol.o
    0x08007fd8   0x08007fd8   0x00000070   Code   RO         7634    i.SCA_Write_3       sca_protocol.o
    0x08008048   0x08008048   0x0000003a   Code   RO         7473    i.ScaInit           innfos_ne30.o
    0x08008082   0x08008082   0x00000008   Code   RO          280    i.StartDefaultTask  freertos.o
    0x0800808a   0x0800808a   0x00000002   PAD
    0x0800808c   0x0800808c   0x0000002c   Code   RO         6679    i.SysTick_Handler   port.o
    0x080080b8   0x080080b8   0x00000098   Code   RO           15    i.SystemClock_Config  main.o
    0x08008150   0x08008150   0x000000c0   Code   RO         5184    i.SystemInit        system_stm32h7xx.o
    0x08008210   0x08008210   0x0000000c   Code   RO          451    i.TIM17_IRQHandler  stm32h7xx_it.o
    0x0800821c   0x0800821c   0x000000e4   Code   RO         3721    i.TIM_Base_SetConfig  stm32h7xx_hal_tim.o
    0x08008300   0x08008300   0x00000044   Code   RO         5079    i.UARTEx_SetNbDataToProcess  stm32h7xx_hal_uart_ex.o
    0x08008344   0x08008344   0x000000c8   Code   RO         4688    i.UART_AdvFeatureConfig  stm32h7xx_hal_uart.o
    0x0800840c   0x0800840c   0x000000aa   Code   RO         4689    i.UART_CheckIdleState  stm32h7xx_hal_uart.o
    0x080084b6   0x080084b6   0x00000014   Code   RO         4690    i.UART_DMAAbortOnError  stm32h7xx_hal_uart.o
    0x080084ca   0x080084ca   0x0000004e   Code   RO         4691    i.UART_DMAError     stm32h7xx_hal_uart.o
    0x08008518   0x08008518   0x00000082   Code   RO         4692    i.UART_DMAReceiveCplt  stm32h7xx_hal_uart.o
    0x0800859a   0x0800859a   0x00000020   Code   RO         4694    i.UART_DMARxHalfCplt  stm32h7xx_hal_uart.o
    0x080085ba   0x080085ba   0x00000002   PAD
    0x080085bc   0x080085bc   0x00000054   Code   RO         4700    i.UART_EndRxTransfer  stm32h7xx_hal_uart.o
    0x08008610   0x08008610   0x0000002e   Code   RO         4701    i.UART_EndTxTransfer  stm32h7xx_hal_uart.o
    0x0800863e   0x0800863e   0x00000002   PAD
    0x08008640   0x08008640   0x000003dc   Code   RO         4706    i.UART_SetConfig    stm32h7xx_hal_uart.o
    0x08008a1c   0x08008a1c   0x000000a8   Code   RO         4707    i.UART_Start_Receive_DMA  stm32h7xx_hal_uart.o
    0x08008ac4   0x08008ac4   0x00000094   Code   RO         4713    i.UART_WaitOnFlagUntilTimeout  stm32h7xx_hal_uart.o
    0x08008b58   0x08008b58   0x00000014   Code   RO          452    i.USART1_IRQHandler  stm32h7xx_it.o
    0x08008b6c   0x08008b6c   0x00000002   Code   RO          453    i.UsageFault_Handler  stm32h7xx_it.o
    0x08008b6e   0x08008b6e   0x00000030   Code   RO         8054    i.__ARM_fpclassify  m_wv.l(fpclassify.o)
    0x08008b9e   0x08008b9e   0x00000022   Code   RO          615    i.__NVIC_SetPriority  stm32h7xx_hal_cortex.o
    0x08008bc0   0x08008bc0   0x000000dc   Code   RO         8081    i.__hardfp___mathlib_tofloat  m_wv.l(narrow.o)
    0x08008c9c   0x08008c9c   0x00000004   PAD
    0x08008ca0   0x08008ca0   0x00000038   Code   RO         7841    i.__hardfp_atof     m_wv.l(atof.o)
    0x08008cd8   0x08008cd8   0x00000018   Code   RO         8194    i.__mathlib_dbl_overflow  m_wv.l(dunder.o)
    0x08008cf0   0x08008cf0   0x00000018   Code   RO         8196    i.__mathlib_dbl_underflow  m_wv.l(dunder.o)
    0x08008d08   0x08008d08   0x00000012   Code   RO         8082    i.__mathlib_narrow  m_wv.l(narrow.o)
    0x08008d1a   0x08008d1a   0x00000006   PAD
    0x08008d20   0x08008d20   0x000000b8   Code   RO         8140    i.__support_ldexp   m_wv.l(ldexp.o)
    0x08008dd8   0x08008dd8   0x0000000e   Code   RO         7797    i._is_digit         c_w.l(__printf_wp.o)
    0x08008de6   0x08008de6   0x00000002   PAD
    0x08008de8   0x08008de8   0x00000108   Code   RO         7398    i.can_init          my_fdcan.o
    0x08008ef0   0x08008ef0   0x0000001c   Code   RO         7399    i.can_receive       my_fdcan.o
    0x08008f0c   0x08008f0c   0x00000056   Code   RO         7400    i.can_send          my_fdcan.o
    0x08008f62   0x08008f62   0x00000002   PAD
    0x08008f64   0x08008f64   0x0000002c   Code   RO         6839    i.cmd_init          cmd.o
    0x08008f90   0x08008f90   0x00000030   Code   RO         6802    i.debug_init        system.o
    0x08008fc0   0x08008fc0   0x00000074   Code   RO         5738    i.eTaskGetState     tasks.o
    0x08009034   0x08009034   0x000000f4   Code   RO         6914    i.elog_get_filter_tag_lvl  elog.o
    0x08009128   0x08009128   0x0000006c   Code   RO         6918    i.elog_init         elog.o
    0x08009194   0x08009194   0x000003a0   Code   RO         6919    i.elog_output       elog.o
    0x08009534   0x08009534   0x00000020   Code   RO         6920    i.elog_output_lock  elog.o
    0x08009554   0x08009554   0x0000002c   Code   RO         6921    i.elog_output_lock_enabled  elog.o
    0x08009580   0x08009580   0x00000020   Code   RO         6922    i.elog_output_unlock  elog.o
    0x080095a0   0x080095a0   0x00000008   Code   RO         7084    i.elog_port_get_p_info  elog_port.o
    0x080095a8   0x080095a8   0x00000020   Code   RO         7085    i.elog_port_get_t_info  elog_port.o
    0x080095c8   0x080095c8   0x00000058   Code   RO         7086    i.elog_port_get_time  elog_port.o
    0x08009620   0x08009620   0x00000018   Code   RO         7087    i.elog_port_init    elog_port.o
    0x08009638   0x08009638   0x00000010   Code   RO         7088    i.elog_port_output  elog_port.o
    0x08009648   0x08009648   0x00000018   Code   RO         7089    i.elog_port_output_lock  elog_port.o
    0x08009660   0x08009660   0x00000018   Code   RO         7090    i.elog_port_output_unlock  elog_port.o
    0x08009678   0x08009678   0x000000b4   Code   RO         6926    i.elog_set_filter_lvl  elog.o
    0x0800972c   0x0800972c   0x000000bc   Code   RO         6929    i.elog_set_fmt      elog.o
    0x080097e8   0x080097e8   0x0000000c   Code   RO         6931    i.elog_set_text_color_enabled  elog.o
    0x080097f4   0x080097f4   0x0000008c   Code   RO         6932    i.elog_start        elog.o
    0x08009880   0x08009880   0x000000f4   Code   RO         7169    i.elog_strcpy       elog_utils.o
    0x08009974   0x08009974   0x000000c0   Code   RO         6840    i.find_parameters   cmd.o
    0x08009a34   0x08009a34   0x00000004   PAD
    0x08009a38   0x08009a38   0x0000008c   Code   RO         8112    i.frexp             m_wv.l(frexp.o)
    0x08009ac4   0x08009ac4   0x000002a0   Code   RO         6841    i.get_command       cmd.o
    0x08009d64   0x08009d64   0x000000c0   Code   RO         6934    i.get_fmt_enabled   elog.o
    0x08009e24   0x08009e24   0x00000012   Code   RO         6935    i.get_fmt_used_and_enabled_ptr  elog.o
    0x08009e36   0x08009e36   0x00000012   Code   RO         6936    i.get_fmt_used_and_enabled_u32  elog.o
    0x08009e48   0x08009e48   0x00000042   Code   RO         7091    i.log_init          elog_port.o
    0x08009e8a   0x08009e8a   0x00000076   Code   RO           16    i.main              main.o
    0x08009f00   0x08009f00   0x0000000e   Code   RO         6256    i.makeFreeRtosPriority  cmsis_os.o
    0x08009f0e   0x08009f0e   0x0000000e   Code   RO         6258    i.osDelay           cmsis_os.o
    0x08009f1c   0x08009f1c   0x0000000a   Code   RO         6261    i.osKernelStart     cmsis_os.o
    0x08009f26   0x08009f26   0x00000054   Code   RO         6295    i.osThreadCreate    cmsis_os.o
    0x08009f7a   0x08009f7a   0x00000002   PAD
    0x08009f7c   0x08009f7c   0x00000020   Code   RO         5739    i.pcTaskGetName     tasks.o
    0x08009f9c   0x08009f9c   0x00000070   Code   RO         5740    i.prvAddCurrentTaskToDelayedList  tasks.o
    0x0800a00c   0x0800a00c   0x000000d4   Code   RO         5741    i.prvAddNewTaskToReadyList  tasks.o
    0x0800a0e0   0x0800a0e0   0x00000058   Code   RO         6098    i.prvCheckForValidListAndQueue  timers.o
    0x0800a138   0x0800a138   0x00000026   Code   RO         5373    i.prvCopyDataFromQueue  queue.o
    0x0800a15e   0x0800a15e   0x0000006c   Code   RO         5374    i.prvCopyDataToQueue  queue.o
    0x0800a1ca   0x0800a1ca   0x00000034   Code   RO         5742    i.prvDeleteTCB      tasks.o
    0x0800a1fe   0x0800a1fe   0x00000002   PAD
    0x0800a200   0x0800a200   0x00000050   Code   RO         6623    i.prvHeapInit       heap_4.o
    0x0800a250   0x0800a250   0x0000002c   Code   RO         7196    i.prvHelpCommand    freertos_cli.o
    0x0800a27c   0x0800a27c   0x00000060   Code   RO         5743    i.prvIdleTask       tasks.o
    0x0800a2dc   0x0800a2dc   0x00000016   Code   RO         5375    i.prvInitialiseMutex  queue.o
    0x0800a2f2   0x0800a2f2   0x00000002   PAD
    0x0800a2f4   0x0800a2f4   0x00000022   Code   RO         5376    i.prvInitialiseNewQueue  queue.o
    0x0800a316   0x0800a316   0x000000b0   Code   RO         5744    i.prvInitialiseNewTask  tasks.o
    0x0800a3c6   0x0800a3c6   0x00000050   Code   RO         6099    i.prvInitialiseNewTimer  timers.o
    0x0800a416   0x0800a416   0x00000002   PAD
    0x0800a418   0x0800a418   0x0000004c   Code   RO         6624    i.prvInsertBlockIntoFreeList  heap_4.o
    0x0800a464   0x0800a464   0x0000003c   Code   RO         6100    i.prvInsertTimerInActiveList  timers.o
    0x0800a4a0   0x0800a4a0   0x0000001c   Code   RO         5377    i.prvIsQueueEmpty   queue.o
    0x0800a4bc   0x0800a4bc   0x0000005a   Code   RO         5745    i.prvListTasksWithinSingleList  tasks.o
    0x0800a516   0x0800a516   0x00000002   PAD
    0x0800a518   0x0800a518   0x000000e8   Code   RO         6101    i.prvProcessReceivedCommands  timers.o
    0x0800a600   0x0800a600   0x000000c0   Code   RO         6102    i.prvProcessTimerOrBlockTask  timers.o
    0x0800a6c0   0x0800a6c0   0x00000020   Code   RO         5746    i.prvResetNextTaskUnblockTime  tasks.o
    0x0800a6e0   0x0800a6e0   0x00000028   Code   RO         6103    i.prvSampleTimeNow  timers.o
    0x0800a708   0x0800a708   0x0000006c   Code   RO         6104    i.prvSwitchTimerLists  timers.o
    0x0800a774   0x0800a774   0x00000028   Code   RO         6680    i.prvTaskExitError  port.o
    0x0800a79c   0x0800a79c   0x00000024   Code   RO         6105    i.prvTimerTask      timers.o
    0x0800a7c0   0x0800a7c0   0x00000110   Code   RO         7318    i.prvUARTCommandConsoleTask  uartcommandconsole.o
    0x0800a8d0   0x0800a8d0   0x0000006a   Code   RO         5378    i.prvUnlockQueue    queue.o
    0x0800a93a   0x0800a93a   0x00000002   PAD
    0x0800a93c   0x0800a93c   0x000000dc   Code   RO         6625    i.pvPortMalloc      heap_4.o
    0x0800aa18   0x0800aa18   0x00000018   Code   RO         5748    i.pvTaskIncrementMutexHeldCount  tasks.o
    0x0800aa30   0x0800aa30   0x00000030   Code   RO         6681    i.pxPortInitialiseStack  port.o
    0x0800aa60   0x0800aa60   0x00000160   Code   RO         7705    i.sca_task          ne30_task.o
    0x0800abc0   0x0800abc0   0x00000084   Code   RO         7706    i.sca_task_init     ne30_task.o
    0x0800ac44   0x0800ac44   0x00000094   Code   RO         7707    i.sca_tim_callback  ne30_task.o
    0x0800acd8   0x0800acd8   0x0000021c   Code   RO         6842    i.set_command       cmd.o
    0x0800aef4   0x0800aef4   0x00000300   Code   RO         7474    i.show_sca_t        innfos_ne30.o
    0x0800b1f4   0x0800b1f4   0x0000009c   Code   RO         6758    i.start_task        global.o
    0x0800b290   0x0800b290   0x00000028   Code   RO         6759    i.start_task_init   global.o
    0x0800b2b8   0x0800b2b8   0x00000164   Code   RO         6843    i.system_reset      cmd.o
    0x0800b41c   0x0800b41c   0x00000036   Code   RO         7353    i.uart_dma_init     myusart.o
    0x0800b452   0x0800b452   0x00000002   PAD
    0x0800b454   0x0800b454   0x000000c0   Code   RO         7354    i.uart_idle_callback  myusart.o
    0x0800b514   0x0800b514   0x00000038   Code   RO         7355    i.uart_transmit     myusart.o
    0x0800b54c   0x0800b54c   0x00000026   Code   RO         5333    i.uxListRemove      list.o
    0x0800b572   0x0800b572   0x00000002   PAD
    0x0800b574   0x0800b574   0x000000ac   Code   RO         5752    i.uxTaskGetSystemState  tasks.o
    0x0800b620   0x0800b620   0x00000018   Code   RO          281    i.vApplicationGetIdleTaskMemory  freertos.o
    0x0800b638   0x0800b638   0x00000018   Code   RO          282    i.vApplicationGetTimerTaskMemory  freertos.o
    0x0800b650   0x0800b650   0x00000016   Code   RO         5334    i.vListInitialise   list.o
    0x0800b666   0x0800b666   0x00000006   Code   RO         5335    i.vListInitialiseItem  list.o
    0x0800b66c   0x0800b66c   0x00000030   Code   RO         5336    i.vListInsert       list.o
    0x0800b69c   0x0800b69c   0x00000018   Code   RO         5337    i.vListInsertEnd    list.o
    0x0800b6b4   0x0800b6b4   0x00000040   Code   RO         6683    i.vPortEnterCritical  port.o
    0x0800b6f4   0x0800b6f4   0x00000028   Code   RO         6684    i.vPortExitCritical  port.o
    0x0800b71c   0x0800b71c   0x00000064   Code   RO         6626    i.vPortFree         heap_4.o
    0x0800b780   0x0800b780   0x00000024   Code   RO         6685    i.vPortSetupTimerInterrupt  port.o
    0x0800b7a4   0x0800b7a4   0x00000054   Code   RO         6686    i.vPortValidateInterruptPriority  port.o
    0x0800b7f8   0x0800b7f8   0x00000028   Code   RO         5384    i.vQueueAddToRegistry  queue.o
    0x0800b820   0x0800b820   0x00000044   Code   RO         5388    i.vQueueWaitForMessageRestricted  queue.o
    0x0800b864   0x0800b864   0x00000002   Code   RO         7239    i.vRegisterSampleCLICommands  sample-cli-commands.o
    0x0800b866   0x0800b866   0x0000001c   Code   RO         7262    i.vSerialPutString  serial.o
    0x0800b882   0x0800b882   0x00000002   PAD
    0x0800b884   0x0800b884   0x0000004c   Code   RO         5757    i.vTaskDelay        tasks.o
    0x0800b8d0   0x0800b8d0   0x00000080   Code   RO         5760    i.vTaskGetInfo      tasks.o
    0x0800b950   0x0800b950   0x00000010   Code   RO         5761    i.vTaskInternalSetTimeOutState  tasks.o
    0x0800b960   0x0800b960   0x000000c8   Code   RO         5762    i.vTaskList         tasks.o
    0x0800ba28   0x0800ba28   0x0000000c   Code   RO         5763    i.vTaskMissedYield  tasks.o
    0x0800ba34   0x0800ba34   0x00000030   Code   RO         5765    i.vTaskPlaceOnEventList  tasks.o
    0x0800ba64   0x0800ba64   0x00000038   Code   RO         5766    i.vTaskPlaceOnEventListRestricted  tasks.o
    0x0800ba9c   0x0800ba9c   0x000000a8   Code   RO         5768    i.vTaskPriorityDisinheritAfterTimeout  tasks.o
    0x0800bb44   0x0800bb44   0x00000088   Code   RO         5774    i.vTaskStartScheduler  tasks.o
    0x0800bbcc   0x0800bbcc   0x00000010   Code   RO         5776    i.vTaskSuspendAll   tasks.o
    0x0800bbdc   0x0800bbdc   0x0000005c   Code   RO         5777    i.vTaskSwitchContext  tasks.o
    0x0800bc38   0x0800bc38   0x00000044   Code   RO         7320    i.vUARTCommandConsoleStart  uartcommandconsole.o
    0x0800bc7c   0x0800bc7c   0x00000050   Code   RO         7263    i.vUARTInterruptHandler  serial.o
    0x0800bccc   0x0800bccc   0x00000082   Code   RO         7636    i.warnBitAnaly      sca_protocol.o
    0x0800bd4e   0x0800bd4e   0x00000002   PAD
    0x0800bd50   0x0800bd50   0x000000f4   Code   RO         6687    i.xPortStartScheduler  port.o
    0x0800be44   0x0800be44   0x00000016   Code   RO         5389    i.xQueueCreateMutex  queue.o
    0x0800be5a   0x0800be5a   0x00000042   Code   RO         5391    i.xQueueGenericCreate  queue.o
    0x0800be9c   0x0800be9c   0x00000066   Code   RO         5392    i.xQueueGenericCreateStatic  queue.o
    0x0800bf02   0x0800bf02   0x00000002   PAD
    0x0800bf04   0x0800bf04   0x00000094   Code   RO         5393    i.xQueueGenericReset  queue.o
    0x0800bf98   0x0800bf98   0x00000160   Code   RO         5394    i.xQueueGenericSend  queue.o
    0x0800c0f8   0x0800c0f8   0x000000be   Code   RO         5395    i.xQueueGenericSendFromISR  queue.o
    0x0800c1b6   0x0800c1b6   0x00000002   PAD
    0x0800c1b8   0x0800c1b8   0x0000013c   Code   RO         5401    i.xQueueReceive     queue.o
    0x0800c2f4   0x0800c2f4   0x0000017c   Code   RO         5403    i.xQueueSemaphoreTake  queue.o
    0x0800c470   0x0800c470   0x00000018   Code   RO         7264    i.xSerialGetChar    serial.o
    0x0800c488   0x0800c488   0x00000030   Code   RO         7265    i.xSerialPortInitMinimal  serial.o
    0x0800c4b8   0x0800c4b8   0x00000048   Code   RO         7266    i.xSerialPutChar    serial.o
    0x0800c500   0x0800c500   0x00000078   Code   RO         5779    i.xTaskCheckForTimeOut  tasks.o
    0x0800c578   0x0800c578   0x0000005a   Code   RO         5780    i.xTaskCreate       tasks.o
    0x0800c5d2   0x0800c5d2   0x00000056   Code   RO         5781    i.xTaskCreateStatic  tasks.o
    0x0800c628   0x0800c628   0x0000000c   Code   RO         5784    i.xTaskGetCurrentTaskHandle  tasks.o
    0x0800c634   0x0800c634   0x0000001c   Code   RO         5785    i.xTaskGetSchedulerState  tasks.o
    0x0800c650   0x0800c650   0x0000000c   Code   RO         5786    i.xTaskGetTickCount  tasks.o
    0x0800c65c   0x0800c65c   0x000000cc   Code   RO         5788    i.xTaskIncrementTick  tasks.o
    0x0800c728   0x0800c728   0x000000a0   Code   RO         5791    i.xTaskPriorityDisinherit  tasks.o
    0x0800c7c8   0x0800c7c8   0x00000090   Code   RO         5792    i.xTaskPriorityInherit  tasks.o
    0x0800c858   0x0800c858   0x00000074   Code   RO         5793    i.xTaskRemoveFromEventList  tasks.o
    0x0800c8cc   0x0800c8cc   0x000000c4   Code   RO         5794    i.xTaskResumeAll    tasks.o
    0x0800c990   0x0800c990   0x00000034   Code   RO         6112    i.xTimerCreate      timers.o
    0x0800c9c4   0x0800c9c4   0x00000060   Code   RO         6114    i.xTimerCreateTimerTask  timers.o
    0x0800ca24   0x0800ca24   0x00000060   Code   RO         6115    i.xTimerGenericCommand  timers.o
    0x0800ca84   0x0800ca84   0x0000002c   Code   RO         7948    locale$$code        c_w.l(lc_numeric_c.o)
    0x0800cab0   0x0800cab0   0x0000002c   Code   RO         8061    locale$$code        c_w.l(lc_ctype_c.o)
    0x0800cadc   0x0800cadc   0x00000010   Code   RO         8205    x$fpl$dcheck1       fz_wv.l(dcheck1.o)
    0x0800caec   0x0800caec   0x0000000a   Code   RO         8073    x$fpl$fpinit        fz_wv.l(fpinit.o)
    0x0800caf6   0x0800caf6   0x00000006   Code   RO         8052    x$fpl$ieeestatus    fz_wv.l(istatus.o)
    0x0800cafc   0x0800cafc   0x00000004   Code   RO         7899    x$fpl$printf1       fz_wv.l(printf1.o)
    0x0800cb00   0x0800cb00   0x00000004   Code   RO         7901    x$fpl$printf2       fz_wv.l(printf2.o)
    0x0800cb04   0x0800cb04   0x00000064   Code   RO         8207    x$fpl$retnan        fz_wv.l(retnan.o)
    0x0800cb68   0x0800cb68   0x0000005c   Code   RO         8188    x$fpl$scalbn        fz_wv.l(scalbn.o)
    0x0800cbc4   0x0800cbc4   0x00000004   Code   RO         7950    x$fpl$scanf1        fz_wv.l(scanf1.o)
    0x0800cbc8   0x0800cbc8   0x00000008   Code   RO         8075    x$fpl$scanf2        fz_wv.l(scanf2.o)
    0x0800cbd0   0x0800cbd0   0x00000030   Code   RO         8209    x$fpl$trapveneer    fz_wv.l(trapv.o)
    0x0800cc00   0x0800cc00   0x00000000   Code   RO         7907    x$fpl$usenofp       fz_wv.l(usenofp.o)
    0x0800cc00   0x0800cc00   0x0000001c   Data   RO          284    .constdata          freertos.o
    0x0800cc1c   0x0800cc1c   0x0000005c   Data   RO          847    .constdata          stm32h7xx_hal_fdcan.o
    0x0800cc78   0x0800cc78   0x00000008   Data   RO         2002    .constdata          stm32h7xx_hal_dma.o
    0x0800cc80   0x0800cc80   0x00000018   Data   RO         4714    .constdata          stm32h7xx_hal_uart.o
    0x0800cc98   0x0800cc98   0x00000010   Data   RO         5080    .constdata          stm32h7xx_hal_uart_ex.o
    0x0800cca8   0x0800cca8   0x00000010   Data   RO         5185    .constdata          system_stm32h7xx.o
    0x0800ccb8   0x0800ccb8   0x0000000b   Data   RO         6763    .constdata          global.o
    0x0800ccc3   0x0800ccc3   0x00000001   PAD
    0x0800ccc4   0x0800ccc4   0x00000055   Data   RO         6844    .constdata          cmd.o
    0x0800cd19   0x0800cd19   0x000000e2   Data   RO         6938    .constdata          elog.o
    0x0800cdfb   0x0800cdfb   0x00000023   Data   RO         7170    .constdata          elog_utils.o
    0x0800ce1e   0x0800ce1e   0x00000002   PAD
    0x0800ce20   0x0800ce20   0x00000010   Data   RO         7198    .constdata          freertos_cli.o
    0x0800ce30   0x0800ce30   0x0000000c   Data   RO         7322    .constdata          uartcommandconsole.o
    0x0800ce3c   0x0800ce3c   0x00000009   Data   RO         7401    .constdata          my_fdcan.o
    0x0800ce45   0x0800ce45   0x0000003d   Data   RO         7475    .constdata          innfos_ne30.o
    0x0800ce82   0x0800ce82   0x0000001a   Data   RO         7708    .constdata          ne30_task.o
    0x0800ce9c   0x0800ce9c   0x00000028   Data   RO         7785    .constdata          c_w.l(_printf_hex_int_ll_ptr.o)
    0x0800cec4   0x0800cec4   0x00000011   Data   RO         7805    .constdata          c_w.l(__printf_flags_ss_wp.o)
    0x0800ced5   0x0800ced5   0x00000003   PAD
    0x0800ced8   0x0800ced8   0x00000008   Data   RO         7869    .constdata          c_w.l(_printf_wctomb.o)
    0x0800cee0   0x0800cee0   0x00000026   Data   RO         7937    .constdata          c_w.l(_printf_fp_hex.o)
    0x0800cf06   0x0800cf06   0x00000002   PAD
    0x0800cf08   0x0800cf08   0x00000094   Data   RO         7969    .constdata          c_w.l(bigflt0.o)
    0x0800cf9c   0x0800cf9c   0x0000000c   Data   RO          285    .conststring        freertos.o
    0x0800cfa8   0x0800cfa8   0x0000010c   Data   RO         6845    .conststring        cmd.o
    0x0800d0b4   0x0800d0b4   0x00000047   Data   RO         6939    .conststring        elog.o
    0x0800d0fb   0x0800d0fb   0x00000001   PAD
    0x0800d0fc   0x0800d0fc   0x00000039   Data   RO         7199    .conststring        freertos_cli.o
    0x0800d135   0x0800d135   0x00000003   PAD
    0x0800d138   0x0800d138   0x000000a8   Data   RO         7200    .conststring        freertos_cli.o
    0x0800d1e0   0x0800d1e0   0x00000058   Data   RO         7323    .conststring        uartcommandconsole.o
    0x0800d238   0x0800d238   0x0000004e   Data   RO         7476    .conststring        innfos_ne30.o
    0x0800d286   0x0800d286   0x00000002   PAD
    0x0800d288   0x0800d288   0x00000020   Data   RO         8211    Region$$Table       anon$$obj.o
    0x0800d2a8   0x0800d2a8   0x00000008   Data   RO         8069    c$$dinf             fz_wv.l(fpconst.o)
    0x0800d2b0   0x0800d2b0   0x00000008   Data   RO         8072    c$$dmax             fz_wv.l(fpconst.o)
    0x0800d2b8   0x0800d2b8   0x0000001c   Data   RO         7947    locale$$data        c_w.l(lc_numeric_c.o)
    0x0800d2d4   0x0800d2d4   0x00000110   Data   RO         8060    locale$$data        c_w.l(lc_ctype_c.o)


    Execution Region RW_IRAM1 (Exec base: 0x20000000, Load base: 0x0800d3e4, Size: 0x00000000, Max: 0x00020000, ABSOLUTE)

    **** No section assigned to this execution region ****


    Execution Region RW_IRAM2 (Exec base: 0x24000000, Load base: 0x0800d3e4, Size: 0x00009d58, Max: 0x00050000, ABSOLUTE, COMPRESSED[0x00000068])

    Exec Addr    Load Addr    Size         Type   Attr      Idx    E Section Name        Object

    0x24000000   COMPRESSED   0x00000004   Data   RW          286    .data               freertos.o
    0x24000004   COMPRESSED   0x0000000c   Data   RW         2734    .data               stm32h7xx_hal.o
    0x24000010   COMPRESSED   0x00000008   Data   RW         5186    .data               system_stm32h7xx.o
    0x24000018   COMPRESSED   0x0000003c   Data   RW         5797    .data               tasks.o
    0x24000054   COMPRESSED   0x00000014   Data   RW         6121    .data               timers.o
    0x24000068   COMPRESSED   0x00000020   Data   RW         6632    .data               heap_4.o
    0x24000088   COMPRESSED   0x0000000c   Data   RW         6688    .data               port.o
    0x24000094   COMPRESSED   0x0000000e   Data   RW         6764    .data               global.o
    0x240000a2   COMPRESSED   0x00000006   Data   RW         6765    .data               global.o
    0x240000a8   COMPRESSED   0x00000010   Data   RW         6846    .data               cmd.o
    0x240000b8   COMPRESSED   0x00000034   Data   RW         6940    .data               elog.o
    0x240000ec   COMPRESSED   0x00000004   Data   RW         7094    .data               elog_port.o
    0x240000f0   COMPRESSED   0x00000014   Data   RW         7201    .data               freertos_cli.o
    0x24000104   COMPRESSED   0x00000008   Data   RW         7267    .data               serial.o
    0x2400010c   COMPRESSED   0x00000008   Data   RW         7324    .data               uartcommandconsole.o
    0x24000114   COMPRESSED   0x00000030   Data   RW         7477    .data               innfos_ne30.o
    0x24000144   COMPRESSED   0x00000010   Data   RW         7637    .data               sca_protocol.o
    0x24000154   COMPRESSED   0x0000000c   Data   RW         7709    .data               ne30_task.o
    0x24000160        -       0x000006b8   Zero   RW          283    .bss                freertos.o
    0x24000818        -       0x000000a0   Zero   RW          362    .bss                fdcan.o
    0x240008b8        -       0x0000010c   Zero   RW          404    .bss                usart.o
    0x240009c4        -       0x0000004c   Zero   RW          558    .bss                stm32h7xx_hal_timebase_tim.o
    0x24000a10        -       0x00000040   Zero   RW         5404    .bss                queue.o
    0x24000a50        -       0x0000012c   Zero   RW         5796    .bss                tasks.o
    0x24000b7c        -       0x000000f0   Zero   RW         6120    .bss                timers.o
    0x24000c6c        -       0x00008000   Zero   RW         6631    .bss                heap_4.o
    0x24008c6c        -       0x00000108   Zero   RW         6761    .bss                global.o
    0x24008d74        -       0x00000014   Zero   RW         6762    .bss                global.o
    0x24008d88        -       0x00000060   Zero   RW         6803    .bss                system.o
    0x24008de8        -       0x0000049c   Zero   RW         6937    .bss                elog.o
    0x24009284        -       0x00000010   Zero   RW         7093    .bss                elog_port.o
    0x24009294        -       0x00000400   Zero   RW         7197    .bss                freertos_cli.o
    0x24009694        -       0x00000064   Zero   RW         7321    .bss                uartcommandconsole.o
    0x240096f8        -       0x00000060   Zero   RW         7953    .bss                c_w.l(libspace.o)
    0x24009758        -       0x00000200   Zero   RW            2    HEAP                startup_stm32h723xx.o
    0x24009958        -       0x00000400   Zero   RW            1    STACK               startup_stm32h723xx.o


==============================================================================

Image component sizes


      Code (inc. data)   RO Data    RW Data    ZI Data      Debug   Object Name

      1804        634        353         16          0       6925   cmd.o
       122          0          0          0          0      23333   cmsis_os.o
        44          4          0          0          0        882   dma.o
      2136        742        297         52       1180      17949   elog.o
       282         70          0          4         16       5451   elog_port.o
       244         96         35          0          0       2677   elog_utils.o
         0          0          0          0          0      19912   event_groups.o
       268         22          0          0        160       1915   fdcan.o
        96         20         40          4       1720       3279   freertos.o
       340         28        241         20       1024       5373   freertos_cli.o
       196         80         11         20        284       2656   global.o
        60          6          0          0          0        927   gpio.o
       476         24          0         32      32768       4927   heap_4.o
      1638        542        139         48          0      14657   innfos_ne30.o
       138          0          0          0          0       3614   list.o
       294         12          0          0          0    1263711   main.o
       430        128          9          0          0       3872   my_fdcan.o
       302          8          0          0          0       3061   myusart.o
       632        262         26         12          0       2128   ne30_task.o
       790         84          0         12          0      11873   port.o
      2020         26          0          0         64      21444   queue.o
         2          0          0          0          0        517   sample-cli-commands.o
       924         78          0         16          0       7349   sca_protocol.o
       252         34          0          8          0       4458   serial.o
        64         26        716          0       1536        836   startup_stm32h723xx.o
       120         28          0         12          0      22294   stm32h7xx_hal.o
       352         38          0          0          0      41611   stm32h7xx_hal_cortex.o
      5984        242          8          0          0      12525   stm32h7xx_hal_dma.o
      2802         50         92          0          0      21357   stm32h7xx_hal_fdcan.o
       540         44          0          0          0       1636   stm32h7xx_hal_gpio.o
        36          4          0          0          0        930   stm32h7xx_hal_msp.o
        84          6          0          0          0        781   stm32h7xx_hal_pwr_ex.o
      2466        110          0          0          0       7773   stm32h7xx_hal_rcc.o
      3622        112          0          0          0       7757   stm32h7xx_hal_rcc_ex.o
       824         82          0          0          0       7608   stm32h7xx_hal_tim.o
         6          0          0          0          0       2316   stm32h7xx_hal_tim_ex.o
       132         22          0          0         76       1560   stm32h7xx_hal_timebase_tim.o
      3478        166         24          0          0      37491   stm32h7xx_hal_uart.o
       290          6         16          0          0       5462   stm32h7xx_hal_uart_ex.o
        80         28          0          0          0       5098   stm32h7xx_it.o
         0          0          0          0          0        384   stream_buffer.o
        48         12          0          0         96       1246   system.o
       192         34         16          8          0       1462   system_stm32h7xx.o
      3230        250          0         60        300      35875   tasks.o
      1080         80          0         20        240      31898   timers.o
       340         28        100          8        100       2119   uartcommandconsole.o
       308         32          0          0        268       2001   usart.o

    ----------------------------------------------------------------------
     39628       4300       2164        352      39832    1684910   Object Totals
         0          0         32          0          0          0   (incl. Generated)
        60          0          9          0          0          0   (incl. Padding)

    ----------------------------------------------------------------------

      Code (inc. data)   RO Data    RW Data    ZI Data      Debug   Library Member Name

        56          6          0          0          0         88   __2snprintf.o
        44          6          0          0          0         84   __2sprintf.o
        90          0          0          0          0          0   __dczerorl2.o
         8          0          0          0          0         68   __main.o
       392          4         17          0          0         92   __printf_flags_ss_wp.o
        14          0          0          0          0         68   __printf_wp.o
         0          0          0          0          0          0   __rtentry.o
        12          0          0          0          0          0   __rtentry2.o
         6          0          0          0          0          0   __rtentry4.o
        52          8          0          0          0          0   __scatter.o
        28          0          0          0          0          0   __scatter_zi.o
        28          0          0          0          0         68   _chval.o
         6          0          0          0          0          0   _printf_a.o
         6          0          0          0          0          0   _printf_c.o
        44          0          0          0          0        108   _printf_char.o
        48          6          0          0          0         96   _printf_char_common.o
        40          0          0          0          0         68   _printf_charcount.o
         6          0          0          0          0          0   _printf_d.o
       120         16          0          0          0         92   _printf_dec.o
         6          0          0          0          0          0   _printf_e.o
         6          0          0          0          0          0   _printf_f.o
      1054          0          0          0          0        216   _printf_fp_dec.o
       764          8         38          0          0        100   _printf_fp_hex.o
       128         16          0          0          0         84   _printf_fp_infnan.o
         6          0          0          0          0          0   _printf_g.o
       148          4         40          0          0        160   _printf_hex_int_ll_ptr.o
         6          0          0          0          0          0   _printf_i.o
       178          0          0          0          0         88   _printf_intcommon.o
        10          0          0          0          0          0   _printf_l.o
         6          0          0          0          0          0   _printf_lc.o
        10          0          0          0          0          0   _printf_ll.o
         6          0          0          0          0          0   _printf_lld.o
         6          0          0          0          0          0   _printf_lli.o
         6          0          0          0          0          0   _printf_llo.o
         6          0          0          0          0          0   _printf_llu.o
         6          0          0          0          0          0   _printf_llx.o
       124         16          0          0          0         92   _printf_longlong_dec.o
         6          0          0          0          0          0   _printf_ls.o
         6          0          0          0          0          0   _printf_n.o
         6          0          0          0          0          0   _printf_o.o
       112         10          0          0          0        124   _printf_oct_int_ll.o
         6          0          0          0          0          0   _printf_p.o
        78          0          0          0          0        108   _printf_pad.o
         0          0          0          0          0          0   _printf_percent.o
         4          0          0          0          0          0   _printf_percent_end.o
         6          0          0          0          0          0   _printf_s.o
        82          0          0          0          0         80   _printf_str.o
        36          0          0          0          0         84   _printf_truncate.o
         6          0          0          0          0          0   _printf_u.o
        44          0          0          0          0        108   _printf_wchar.o
       188          6          8          0          0         92   _printf_wctomb.o
         6          0          0          0          0          0   _printf_x.o
        22          0          0          0          0        100   _rserrno.o
        64          0          0          0          0         84   _sgetc.o
        16          0          0          0          0         68   _snputc.o
        10          0          0          0          0         68   _sputc.o
        64          0          0          0          0         92   _wcrtomb.o
        16          0          0          0          0         68   aeabi_memset.o
       228          4        148          0          0         96   bigflt0.o
      2152        136          0          0          0        960   btod.o
        18          0          0          0          0         80   exit.o
         6          0          0          0          0        152   heapauxi.o
         0          0          0          0          0          0   indicate_semi.o
        18          0          0          0          0         76   isspace.o
        44         10        272          0          0         76   lc_ctype_c.o
        44         10         28          0          0         76   lc_numeric_c.o
         2          0          0          0          0          0   libinit.o
        34          0          0          0          0          0   libinit2.o
         2          0          0          0          0          0   libshutdown.o
         2          0          0          0          0          0   libshutdown2.o
         8          4          0          0         96         68   libspace.o
        38          0          0          0          0         68   llshl.o
       138          0          0          0          0         80   lludiv10.o
       238          0          0          0          0        100   lludivv7m.o
        16          4          0          0          0         76   rt_ctype_table.o
         8          4          0          0          0         68   rt_errno_addr_intlibspace.o
         8          4          0          0          0         68   rt_locale_intlibspace.o
        68          0          0          0          0         68   rt_memclr.o
        78          0          0          0          0         80   rt_memclr_w.o
       138          0          0          0          0         68   rt_memcpy_v6.o
       100          0          0          0          0         80   rt_memcpy_w.o
         2          0          0          0          0          0   rtexit.o
        10          0          0          0          0          0   rtexit2.o
      1272         16          0          0          0        168   scanf_fp.o
       800         14          0          0          0        100   scanf_hexfp.o
       308         16          0          0          0        100   scanf_infnan.o
       104          0          0          0          0         68   strcmpv7m_pel.o
        72          0          0          0          0         80   strcpy.o
        62          0          0          0          0         76   strlen.o
       150          0          0          0          0         80   strncmp.o
        86          0          0          0          0         76   strncpy.o
        36          0          0          0          0         80   strstr.o
       164         14          0          0          0        120   strtod.o
        12          4          0          0          0         68   sys_exit.o
        74          0          0          0          0         80   sys_stackheap_outer.o
         2          0          0          0          0         68   use_no_semi.o
        52          4          0          0          0         80   vsnprintf.o
        16          4          0          0          0        116   dcheck1.o
         0          0         16          0          0          0   fpconst.o
        10          0          0          0          0        116   fpinit.o
         6          0          0          0          0        116   istatus.o
         4          0          0          0          0        116   printf1.o
         4          0          0          0          0        116   printf2.o
       100          0          0          0          0        116   retnan.o
        92          0          0          0          0        116   scalbn.o
         4          0          0          0          0        116   scanf1.o
         8          0          0          0          0        132   scanf2.o
        48          0          0          0          0        116   trapv.o
         0          0          0          0          0          0   usenofp.o
        56         12          0          0          0        132   atof.o
        48         28          0          0          0        232   dunder.o
        48          0          0          0          0        124   fpclassify.o
       140         22          0          0          0        128   frexp.o
       184         14          0          0          0        156   ldexp.o
       238         26          0          0          0        304   narrow.o

    ----------------------------------------------------------------------
     11880        460        572          0         96       8484   Library Totals
        26          4          5          0          0          0   (incl. Padding)

    ----------------------------------------------------------------------

      Code (inc. data)   RO Data    RW Data    ZI Data      Debug   Library Name

     10848        350        551          0         96       6232   c_w.l
       292          4         16          0          0       1176   fz_wv.l
       714        102          0          0          0       1076   m_wv.l

    ----------------------------------------------------------------------
     11880        460        572          0         96       8484   Library Totals

    ----------------------------------------------------------------------

==============================================================================


      Code (inc. data)   RO Data    RW Data    ZI Data      Debug   

     51508       4760       2736        352      39928    1660310   Grand Totals
     51508       4760       2736        104      39928    1660310   ELF Image Totals (compressed)
     51508       4760       2736        104          0          0   ROM Totals

==============================================================================

    Total RO  Size (Code + RO Data)                54244 (  52.97kB)
    Total RW  Size (RW Data + ZI Data)             40280 (  39.34kB)
    Total ROM Size (Code + RO Data + RW Data)      54348 (  53.07kB)

==============================================================================

