<html>
<body>
<pre>
<h1>�Vision Build Log</h1>
<h2>Tool Versions:</h2>
IDE-Version: ��Vision V5.39.0.0
Copyright (C) 2023 ARM Ltd and ARM Germany GmbH. All rights reserved.
License Information: 1111 4806094, HP Inc., LIC=MGXG8-3YG74-8YTVV-PVQHZ-7CGLL-BFJCC
 
Tool Versions:
Toolchain:       MDK-ARM Professional  Version: 5.39.0.0
Toolchain Path:  D:\keil5\ARM\ARMCC\Bin
C Compiler:      Armcc.exe V5.06 update 7 (build 960)
Assembler:       Armasm.exe V5.06 update 7 (build 960)
Linker/Locator:  ArmLink.exe V5.06 update 7 (build 960)
Library Manager: ArmAr.exe V5.06 update 7 (build 960)
Hex Converter:   FromElf.exe V5.06 update 7 (build 960)
CPU DLL:         SARMCM3.DLL V5.39.0.0
Dialog DLL:      DCM.DLL V1.17.5.0
Target DLL:      STLink\ST-LINKIII-KEIL_SWO.dll V3.2.0.0
Dialog DLL:      TCM.DLL V1.56.4.0
 
<h2>Project:</h2>
D:\warehouse\SCA_Driver_new\MDK-ARM\SCA_Driver.uvprojx
Project File Date:  11/10/2024

<h2>Output:</h2>
*** Using Compiler 'V5.06 update 7 (build 960)', folder: 'D:\keil5\ARM\ARMCC\Bin'
Build target 'SCA_Driver'
assembling startup_stm32h723xx.s...
compiling dma.c...
compiling stm32h7xx_hal_gpio.c...
compiling stm32h7xx_hal_flash_ex.c...
compiling stm32h7xx_hal_flash.c...
compiling usart.c...
compiling stm32h7xx_hal_msp.c...
compiling stm32h7xx_hal_timebase_tim.c...
compiling fdcan.c...
compiling gpio.c...
compiling freertos.c...
compiling stm32h7xx_hal_rcc.c...
compiling stm32h7xx_hal_cortex.c...
compiling stm32h7xx_it.c...
compiling main.c...
compiling stm32h7xx_hal_fdcan.c...
compiling stm32h7xx_hal_rcc_ex.c...
compiling croutine.c...
compiling event_groups.c...
compiling list.c...
compiling queue.c...
compiling stream_buffer.c...
compiling tasks.c...
compiling timers.c...
compiling cmsis_os.c...
compiling heap_4.c...
compiling port.c...
compiling stm32h7xx_hal_hsem.c...
compiling stm32h7xx_hal.c...
compiling stm32h7xx_hal_exti.c...
compiling elog.c...
compiling system_stm32h7xx.c...
compiling stm32h7xx_hal_uart_ex.c...
compiling stm32h7xx_hal_i2c.c...
compiling FreeRTOS_CLI.c...
..\UserCode\FreeRTOS_CLI\FreeRTOS_CLI.c(73): warning:  #870-D: invalid multibyte character sequence
  	"查看所有命�? \r\nhelp:\t\tLists all commands\r\n",
..\UserCode\FreeRTOS_CLI\FreeRTOS_CLI.c: 1 warning, 0 errors
compiling elog_utils.c...
compiling Sample-CLI-commands.c...
..\UserCode\FreeRTOS_CLI\Sample-CLI-commands.c(64): warning:  #177-D: function "prvTaskStatsCommand"  was declared but never referenced
  static BaseType_t prvTaskStatsCommand( char *pcWriteBuffer, size_t xWriteBufferLen, const char *pcCommandString );
..\UserCode\FreeRTOS_CLI\Sample-CLI-commands.c(295): warning:  #177-D: function "prvThreeParameterEchoCommand"  was declared but never referenced
  static BaseType_t prvThreeParameterEchoCommand( char *pcWriteBuffer, size_t xWriteBufferLen, const char *pcCommandString )
..\UserCode\FreeRTOS_CLI\Sample-CLI-commands.c(362): warning:  #177-D: function "prvParameterEchoCommand"  was declared but never referenced
  static BaseType_t prvParameterEchoCommand( char *pcWriteBuffer, size_t xWriteBufferLen, const char *pcCommandString )
..\UserCode\FreeRTOS_CLI\Sample-CLI-commands.c: 3 warnings, 0 errors
compiling stm32h7xx_hal_mdma.c...
compiling UARTCommandConsole.c...
compiling stm32h7xx_hal_pwr.c...
compiling bsp_fdcan.c...
compiling stm32h7xx_hal_i2c_ex.c...
compiling global.c...
..\UserCode\System\global.c(55): warning:  #870-D: invalid multibyte character sequence
      log_i("系统开机成�? ");
..\UserCode\System\global.c: 1 warning, 0 errors
compiling stm32h7xx_hal_tim_ex.c...
compiling stm32h7xx_hal_pwr_ex.c...
compiling stm32h7xx_hal_uart.c...
compiling stm32h7xx_hal_dma_ex.c...
compiling stm32h7xx_hal_tim.c...
compiling stm32h7xx_hal_dma.c...
compiling ne30_task.c...
..\UserCode\INNFOS_NE30\ne30_task.c(30): warning:  #191-D: type qualifier is meaningless on cast type
      SCA_TIMER = xTimerCreate((const char* const)"heartbeat",
..\UserCode\INNFOS_NE30\ne30_task.c(32): warning:  #191-D: type qualifier is meaningless on cast type
                               (const UBaseType_t)pdTRUE,
..\UserCode\INNFOS_NE30\ne30_task.c(33): warning:  #191-D: type qualifier is meaningless on cast type
                               (void * const     )NULL,
..\UserCode\INNFOS_NE30\ne30_task.c: 3 warnings, 0 errors
compiling serial.c...
compiling my_fdcan.c...
..\UserCode\FDCAN\my_fdcan.c(45): warning:  #870-D: invalid multibyte character sequence
  		log_e("内存分配失败 CAN初始化失�? ");
..\UserCode\FDCAN\my_fdcan.c(57): warning:  #870-D: invalid multibyte character sequence
  		log_e("CAN滤波器配置失�? ");
..\UserCode\FDCAN\my_fdcan.c: 2 warnings, 0 errors
compiling myusart.c...
..\UserCode\Usart\myusart.c(78): warning:  #1-D: last line of file ends without a newline
  }
..\UserCode\Usart\myusart.c: 1 warning, 0 errors
compiling system.c...
compiling elog_port.c...
..\UserCode\EasyLogger\elog_port.c(112): warning:  #167-D: argument of type "const char *" is incompatible with parameter of type "uint8_t *"
      uart_transmit(&debug_uart, log, size);
..\UserCode\EasyLogger\elog_port.c: 1 warning, 0 errors
compiling sca_protocol.c...
compiling cmd.c...
..\UserCode\Cmd\cmd.c(84): warning:  #870-D: invalid multibyte character sequence
          const char *const pcHeader = "    状�?   优先�?   堆栈     #\r\n************************************************\r\n";
..\UserCode\Cmd\cmd.c(84): warning:  #870-D: invalid multibyte character sequence
          const char *const pcHeader = "    状�?   优先�?   堆栈     #\r\n************************************************\r\n";
..\UserCode\Cmd\cmd.c(137): warning:  #870-D: invalid multibyte character sequence
          log_v("%04d�?%02d�?%02d�? %02d:%02d:%02d", rtc_date.Year, rtc_date.Month, rtc_date.Date, rtc_time.Hours, rtc_time.Minutes, rtc_time.Seconds);
..\UserCode\Cmd\cmd.c(137): warning:  #870-D: invalid multibyte character sequence
          log_v("%04d�?%02d�?%02d�? %02d:%02d:%02d", rtc_date.Year, rtc_date.Month, rtc_date.Date, rtc_time.Hours, rtc_time.Minutes, rtc_time.Seconds);
..\UserCode\Cmd\cmd.c(137): warning:  #870-D: invalid multibyte character sequence
          log_v("%04d�?%02d�?%02d�? %02d:%02d:%02d", rtc_date.Year, rtc_date.Month, rtc_date.Date, rtc_time.Hours, rtc_time.Minutes, rtc_time.Seconds);
..\UserCode\Cmd\cmd.c(143): warning:  #870-D: invalid multibyte character sequence
          log_v("position:\t%.2f�? ", scaMotor[0].Position_Real);
..\UserCode\Cmd\cmd.c(144): warning:  #870-D: invalid multibyte character sequence
          log_v("angle:\t\t%.2f�? ", scaMotor[0].Angle_Real);
..\UserCode\Cmd\cmd.c(191): warning:  #870-D: invalid multibyte character sequence
              log_w("请先切换到位置模�? \r\n");
..\UserCode\Cmd\cmd.c(201): warning:  #870-D: invalid multibyte character sequence
              log_w("请先切换到电流模�? \r\n");
..\UserCode\Cmd\cmd.c(241): warning:  #177-D: function "myprintf"  was declared but never referenced
  static void myprintf(const char*__format, ...)
..\UserCode\Cmd\cmd.c: 10 warnings, 0 errors
compiling innfos_ne30.c...
..\UserCode\INNFOS_NE30\innfos_ne30.c(124): warning:  #870-D: invalid multibyte character sequence
          log_e("sca%d 序列号为�? ", sca->id);
..\UserCode\INNFOS_NE30\innfos_ne30.c(158): warning:  #870-D: invalid multibyte character sequence
          log_w("SCA 参数超范�? ");
..\UserCode\INNFOS_NE30\innfos_ne30.c(163): warning:  #870-D: invalid multibyte character sequence
      log_w("SCA 模式不匹�? ");
..\UserCode\INNFOS_NE30\innfos_ne30.c(178): warning:  #870-D: invalid multibyte character sequence
          log_w("SCA 参数超范�? ");
..\UserCode\INNFOS_NE30\innfos_ne30.c(183): warning:  #870-D: invalid multibyte character sequence
      log_w("SCA 模式不匹�? ");
..\UserCode\INNFOS_NE30\innfos_ne30.c: 5 warnings, 0 errors
linking...
Program Size: Code=51508 RO-data=2736 RW-data=352 ZI-data=39928  
FromELF: creating hex file...
"SCA_Driver\SCA_Driver.axf" - 0 Error(s), 27 Warning(s).

<h2>Software Packages used:</h2>

Package Vendor: ARM
                http://www.keil.com/pack/ARM.CMSIS.5.9.0.pack
                ARM::CMSIS@5.9.0
                CMSIS (Common Microcontroller Software Interface Standard)
   * Component: CORE Version: 5.6.0

Package Vendor: Keil
                https://www.keil.com/pack/Keil.STM32H7xx_DFP.3.1.1.pack
                Keil::STM32H7xx_DFP@3.1.1
                STMicroelectronics STM32H7 Series Device Support and Examples

<h2>Collection of Component include folders:</h2>
  ./RTE/_SCA_Driver
  D:/keil5/MDK_Pack/ARM/CMSIS/5.9.0/CMSIS/Core/Include
  D:/keil5/MDK_Pack/Keil/STM32H7xx_DFP/3.1.1/Drivers/CMSIS/Device/ST/STM32H7xx/Include

<h2>Collection of Component Files used:</h2>

   * Component: ARM::CMSIS:CORE@5.6.0
      Include file:  CMSIS/Core/Include/tz_context.h
Build Time Elapsed:  00:00:48
</pre>
</body>
</html>
